#-----------------------------------------------------------
# Vivado v2020.2 (64-bit)
# SW Build 3064766 on Wed Nov 18 09:12:47 MST 2020
# IP Build 3064653 on Wed Nov 18 14:17:31 MST 2020
# Start of session at: Thu Jul 15 11:48:30 2021
# Process ID: 7176
# Current directory: /home/george/Documents/work/RISCV/Toast-RV32i/Scripts/vivado
# Command line: vivado
# Log file: /home/george/Documents/work/RISCV/Toast-RV32i/Scripts/vivado/vivado.log
# Journal file: /home/george/Documents/work/RISCV/Toast-RV32i/Scripts/vivado/vivado.jou
#-----------------------------------------------------------
start_gui
open_project /home/george/Documents/work/RISCV/RISCV_Project/RISCV_Project.xpr
update_compile_order -fileset sources_1
synth_design -rtl -rtl_skip_mlo -name rtl_1
close_design
launch_simulation
open_wave_config /home/george/Documents/work/RISCV/RISCV_Project/riscvTests_tb_behav.wcfg
source riscvTests_tb.tcl
source rvTest.tcl
run 2000 ns
run 500 ns
run 1000 ns
run 500 ns
run 500 ns
run 500 ns
close_vcd
relaunch_sim
rvTest.tcl
source rvTest.tcl
run 4750 ns
close_vcd
relaunch_sim
relaunch_sim
relaunch_sim
source rvTest.tcl
run 4650 ns
run 200 ns
relaunch_sim
close_sim
launch_simulation
open_wave_config /home/george/Documents/work/RISCV/RISCV_Project/riscvTests_tb_behav.wcfg
source riscvTests_tb.tcl
source rvTest.tcl
run 1000 ns
run 1000 ns
run 1000 ns
run 1000 ns
run 1000 ns
run 1000 ns
run 1000 ns
run 1000 ns
run 1000 ns
run 1000 ns
run 1000 ns
run 1000 ns
close_vcd
