
===========================================================================
report_checks -path_delay max (Setup)
============================================================================
Startpoint: DMEM_rd_data_i[26] (input port clocked by clk_i)
Endpoint: _15680_ (rising edge-triggered flip-flop clocked by clk_i)
Path Group: clk_i
Path Type: max

Fanout     Cap    Slew   Delay    Time   Description
-----------------------------------------------------------------------------
                          0.00    0.00   clock clk_i (rise edge)
                          0.00    0.00   clock network delay (propagated)
                          2.00    2.00 v input external delay
                  0.01    0.01    2.01 v DMEM_rd_data_i[26] (in)
     1    0.00                           DMEM_rd_data_i[26] (net)
                  0.01    0.00    2.01 v input19/A (sky130_fd_sc_hd__buf_2)
                  0.08    0.16    2.17 v input19/X (sky130_fd_sc_hd__buf_2)
     2    0.03                           net19 (net)
                  0.08    0.00    2.17 v _07592_/A1 (sky130_fd_sc_hd__mux2_1)
                  0.07    0.33    2.51 v _07592_/X (sky130_fd_sc_hd__mux2_1)
     2    0.01                           _01888_ (net)
                  0.07    0.00    2.51 v _07593_/B (sky130_fd_sc_hd__and2_1)
                  0.04    0.18    2.68 v _07593_/X (sky130_fd_sc_hd__and2_1)
     1    0.00                           _01889_ (net)
                  0.04    0.00    2.68 v _07596_/A3 (sky130_fd_sc_hd__o41a_1)
                  0.10    0.43    3.12 v _07596_/X (sky130_fd_sc_hd__o41a_1)
     4    0.01                           _01892_ (net)
                  0.10    0.00    3.12 v _12642_/A1 (sky130_fd_sc_hd__a211o_2)
                  0.09    0.38    3.50 v _12642_/X (sky130_fd_sc_hd__a211o_2)
     2    0.02                           _05885_ (net)
                  0.09    0.00    3.50 v _12757_/A2 (sky130_fd_sc_hd__a311oi_4)
                  0.63    0.62    4.12 ^ _12757_/Y (sky130_fd_sc_hd__a311oi_4)
     9    0.05                           _06000_ (net)
                  0.63    0.00    4.13 ^ _12772_/B (sky130_fd_sc_hd__and4_4)
                  0.16    0.46    4.59 ^ _12772_/X (sky130_fd_sc_hd__and4_4)
     8    0.04                           _06015_ (net)
                  0.16    0.00    4.59 ^ _13022_/A2 (sky130_fd_sc_hd__a31o_1)
                  0.09    0.21    4.80 ^ _13022_/X (sky130_fd_sc_hd__a31o_1)
     2    0.01                           _06259_ (net)
                  0.09    0.00    4.80 ^ _13070_/B1 (sky130_fd_sc_hd__o21a_1)
                  0.06    0.15    4.95 ^ _13070_/X (sky130_fd_sc_hd__o21a_1)
     1    0.01                           _06306_ (net)
                  0.06    0.00    4.95 ^ _13071_/B (sky130_fd_sc_hd__xor2_1)
                  0.28    0.28    5.22 ^ _13071_/X (sky130_fd_sc_hd__xor2_1)
     3    0.01                           _06307_ (net)
                  0.28    0.00    5.23 ^ _13072_/B (sky130_fd_sc_hd__xnor2_1)
                  0.09    0.14    5.37 v _13072_/Y (sky130_fd_sc_hd__xnor2_1)
     2    0.01                           _06308_ (net)
                  0.09    0.00    5.37 v _13114_/B (sky130_fd_sc_hd__or2_1)
                  0.08    0.27    5.63 v _13114_/X (sky130_fd_sc_hd__or2_1)
     1    0.01                           _06349_ (net)
                  0.08    0.00    5.63 v _13115_/B1 (sky130_fd_sc_hd__a311oi_4)
                  0.30    0.36    5.99 ^ _13115_/Y (sky130_fd_sc_hd__a311oi_4)
     2    0.01                           _06350_ (net)
                  0.30    0.00    5.99 ^ _13219_/A1 (sky130_fd_sc_hd__o2111ai_4)
                  0.12    0.18    6.17 v _13219_/Y (sky130_fd_sc_hd__o2111ai_4)
     2    0.01                           _06450_ (net)
                  0.12    0.00    6.17 v _13353_/A2 (sky130_fd_sc_hd__a211o_1)
                  0.11    0.41    6.58 v _13353_/X (sky130_fd_sc_hd__a211o_1)
     4    0.02                           _06580_ (net)
                  0.11    0.00    6.58 v _13582_/A2 (sky130_fd_sc_hd__a21o_1)
                  0.05    0.23    6.82 v _13582_/X (sky130_fd_sc_hd__a21o_1)
     2    0.01                           _06801_ (net)
                  0.05    0.00    6.82 v _13650_/A1 (sky130_fd_sc_hd__a211o_1)
                  0.09    0.32    7.14 v _13650_/X (sky130_fd_sc_hd__a211o_1)
     4    0.01                           _06867_ (net)
                  0.09    0.00    7.14 v _13717_/A1 (sky130_fd_sc_hd__a311o_1)
                  0.12    0.36    7.50 v _13717_/X (sky130_fd_sc_hd__a311o_1)
     5    0.02                           _06932_ (net)
                  0.12    0.00    7.50 v _13775_/A2 (sky130_fd_sc_hd__a311oi_2)
                  0.28    0.34    7.85 ^ _13775_/Y (sky130_fd_sc_hd__a311oi_2)
     3    0.01                           _06988_ (net)
                  0.28    0.00    7.85 ^ _13778_/A (sky130_fd_sc_hd__nor2_1)
                  0.07    0.10    7.94 v _13778_/Y (sky130_fd_sc_hd__nor2_1)
     1    0.00                           _06991_ (net)
                  0.07    0.00    7.94 v _13791_/A1 (sky130_fd_sc_hd__o31a_1)
                  0.05    0.31    8.25 v _13791_/X (sky130_fd_sc_hd__o31a_1)
     1    0.00                           _01089_ (net)
                  0.05    0.00    8.25 v _15680_/D (sky130_fd_sc_hd__dfxtp_2)
                                  8.25   data arrival time

                         10.00   10.00   clock clk_i (rise edge)
                          0.00   10.00   clock source latency
                  0.17    0.11   10.11 ^ clk_i (in)
     1    0.04                           clk_i (net)
                  0.17    0.00   10.11 ^ clkbuf_0_clk_i/A (sky130_fd_sc_hd__clkbuf_16)
                  0.18    0.26   10.37 ^ clkbuf_0_clk_i/X (sky130_fd_sc_hd__clkbuf_16)
    16    0.16                           clknet_0_clk_i (net)
                  0.18    0.01   10.37 ^ clkbuf_4_15_0_clk_i/A (sky130_fd_sc_hd__clkbuf_8)
                  0.13    0.23   10.60 ^ clkbuf_4_15_0_clk_i/X (sky130_fd_sc_hd__clkbuf_8)
     7    0.07                           clknet_4_15_0_clk_i (net)
                  0.13    0.00   10.60 ^ _15680_/CLK (sky130_fd_sc_hd__dfxtp_2)
                         -0.25   10.35   clock uncertainty
                          0.00   10.35   clock reconvergence pessimism
                         -0.09   10.26   library setup time
                                 10.26   data required time
-----------------------------------------------------------------------------
                                 10.26   data required time
                                 -8.25   data arrival time
-----------------------------------------------------------------------------
                                  2.00   slack (MET)


Startpoint: DMEM_rd_data_i[26] (input port clocked by clk_i)
Endpoint: _15681_ (rising edge-triggered flip-flop clocked by clk_i)
Path Group: clk_i
Path Type: max

Fanout     Cap    Slew   Delay    Time   Description
-----------------------------------------------------------------------------
                          0.00    0.00   clock clk_i (rise edge)
                          0.00    0.00   clock network delay (propagated)
                          2.00    2.00 v input external delay
                  0.01    0.01    2.01 v DMEM_rd_data_i[26] (in)
     1    0.00                           DMEM_rd_data_i[26] (net)
                  0.01    0.00    2.01 v input19/A (sky130_fd_sc_hd__buf_2)
                  0.08    0.16    2.17 v input19/X (sky130_fd_sc_hd__buf_2)
     2    0.03                           net19 (net)
                  0.08    0.00    2.17 v _07592_/A1 (sky130_fd_sc_hd__mux2_1)
                  0.07    0.33    2.51 v _07592_/X (sky130_fd_sc_hd__mux2_1)
     2    0.01                           _01888_ (net)
                  0.07    0.00    2.51 v _07593_/B (sky130_fd_sc_hd__and2_1)
                  0.04    0.18    2.68 v _07593_/X (sky130_fd_sc_hd__and2_1)
     1    0.00                           _01889_ (net)
                  0.04    0.00    2.68 v _07596_/A3 (sky130_fd_sc_hd__o41a_1)
                  0.10    0.43    3.12 v _07596_/X (sky130_fd_sc_hd__o41a_1)
     4    0.01                           _01892_ (net)
                  0.10    0.00    3.12 v _12642_/A1 (sky130_fd_sc_hd__a211o_2)
                  0.09    0.38    3.50 v _12642_/X (sky130_fd_sc_hd__a211o_2)
     2    0.02                           _05885_ (net)
                  0.09    0.00    3.50 v _12757_/A2 (sky130_fd_sc_hd__a311oi_4)
                  0.63    0.62    4.12 ^ _12757_/Y (sky130_fd_sc_hd__a311oi_4)
     9    0.05                           _06000_ (net)
                  0.63    0.00    4.13 ^ _12772_/B (sky130_fd_sc_hd__and4_4)
                  0.16    0.46    4.59 ^ _12772_/X (sky130_fd_sc_hd__and4_4)
     8    0.04                           _06015_ (net)
                  0.16    0.00    4.59 ^ _13022_/A2 (sky130_fd_sc_hd__a31o_1)
                  0.09    0.21    4.80 ^ _13022_/X (sky130_fd_sc_hd__a31o_1)
     2    0.01                           _06259_ (net)
                  0.09    0.00    4.80 ^ _13070_/B1 (sky130_fd_sc_hd__o21a_1)
                  0.06    0.15    4.95 ^ _13070_/X (sky130_fd_sc_hd__o21a_1)
     1    0.01                           _06306_ (net)
                  0.06    0.00    4.95 ^ _13071_/B (sky130_fd_sc_hd__xor2_1)
                  0.28    0.28    5.22 ^ _13071_/X (sky130_fd_sc_hd__xor2_1)
     3    0.01                           _06307_ (net)
                  0.28    0.00    5.23 ^ _13072_/B (sky130_fd_sc_hd__xnor2_1)
                  0.09    0.14    5.37 v _13072_/Y (sky130_fd_sc_hd__xnor2_1)
     2    0.01                           _06308_ (net)
                  0.09    0.00    5.37 v _13114_/B (sky130_fd_sc_hd__or2_1)
                  0.08    0.27    5.63 v _13114_/X (sky130_fd_sc_hd__or2_1)
     1    0.01                           _06349_ (net)
                  0.08    0.00    5.63 v _13115_/B1 (sky130_fd_sc_hd__a311oi_4)
                  0.30    0.36    5.99 ^ _13115_/Y (sky130_fd_sc_hd__a311oi_4)
     2    0.01                           _06350_ (net)
                  0.30    0.00    5.99 ^ _13219_/A1 (sky130_fd_sc_hd__o2111ai_4)
                  0.12    0.18    6.17 v _13219_/Y (sky130_fd_sc_hd__o2111ai_4)
     2    0.01                           _06450_ (net)
                  0.12    0.00    6.17 v _13353_/A2 (sky130_fd_sc_hd__a211o_1)
                  0.11    0.41    6.58 v _13353_/X (sky130_fd_sc_hd__a211o_1)
     4    0.02                           _06580_ (net)
                  0.11    0.00    6.58 v _13582_/A2 (sky130_fd_sc_hd__a21o_1)
                  0.05    0.23    6.82 v _13582_/X (sky130_fd_sc_hd__a21o_1)
     2    0.01                           _06801_ (net)
                  0.05    0.00    6.82 v _13650_/A1 (sky130_fd_sc_hd__a211o_1)
                  0.09    0.32    7.14 v _13650_/X (sky130_fd_sc_hd__a211o_1)
     4    0.01                           _06867_ (net)
                  0.09    0.00    7.14 v _13717_/A1 (sky130_fd_sc_hd__a311o_1)
                  0.12    0.36    7.50 v _13717_/X (sky130_fd_sc_hd__a311o_1)
     5    0.02                           _06932_ (net)
                  0.12    0.00    7.50 v _13775_/A2 (sky130_fd_sc_hd__a311oi_2)
                  0.28    0.34    7.85 ^ _13775_/Y (sky130_fd_sc_hd__a311oi_2)
     3    0.01                           _06988_ (net)
                  0.28    0.00    7.85 ^ _13801_/A2 (sky130_fd_sc_hd__o21ai_1)
                  0.06    0.10    7.94 v _13801_/Y (sky130_fd_sc_hd__o21ai_1)
     1    0.00                           _07013_ (net)
                  0.06    0.00    7.94 v _13803_/B (sky130_fd_sc_hd__and3_1)
                  0.04    0.18    8.12 v _13803_/X (sky130_fd_sc_hd__and3_1)
     1    0.00                           _07015_ (net)
                  0.04    0.00    8.12 v _13815_/A1 (sky130_fd_sc_hd__o21a_1)
                  0.03    0.19    8.31 v _13815_/X (sky130_fd_sc_hd__o21a_1)
     1    0.00                           _01090_ (net)
                  0.03    0.00    8.31 v _15681_/D (sky130_fd_sc_hd__dfxtp_4)
                                  8.31   data arrival time

                         10.00   10.00   clock clk_i (rise edge)
                          0.00   10.00   clock source latency
                  0.17    0.11   10.11 ^ clk_i (in)
     1    0.04                           clk_i (net)
                  0.17    0.00   10.11 ^ clkbuf_0_clk_i/A (sky130_fd_sc_hd__clkbuf_16)
                  0.18    0.26   10.37 ^ clkbuf_0_clk_i/X (sky130_fd_sc_hd__clkbuf_16)
    16    0.16                           clknet_0_clk_i (net)
                  0.18    0.01   10.37 ^ clkbuf_4_15_0_clk_i/A (sky130_fd_sc_hd__clkbuf_8)
                  0.13    0.23   10.60 ^ clkbuf_4_15_0_clk_i/X (sky130_fd_sc_hd__clkbuf_8)
     7    0.07                           clknet_4_15_0_clk_i (net)
                  0.13    0.00   10.60 ^ clkbuf_leaf_86_clk_i/A (sky130_fd_sc_hd__clkbuf_16)
                  0.04    0.14   10.74 ^ clkbuf_leaf_86_clk_i/X (sky130_fd_sc_hd__clkbuf_16)
     5    0.01                           clknet_leaf_86_clk_i (net)
                  0.04    0.00   10.74 ^ _15681_/CLK (sky130_fd_sc_hd__dfxtp_4)
                         -0.25   10.49   clock uncertainty
                          0.00   10.49   clock reconvergence pessimism
                         -0.11   10.39   library setup time
                                 10.39   data required time
-----------------------------------------------------------------------------
                                 10.39   data required time
                                 -8.31   data arrival time
-----------------------------------------------------------------------------
                                  2.08   slack (MET)


Startpoint: IMEM_data_i[18] (input port clocked by clk_i)
Endpoint: _15496_ (rising edge-triggered flip-flop clocked by clk_i)
Path Group: clk_i
Path Type: max

Fanout     Cap    Slew   Delay    Time   Description
-----------------------------------------------------------------------------
                          0.00    0.00   clock clk_i (rise edge)
                          0.00    0.00   clock network delay (propagated)
                          2.00    2.00 ^ input external delay
                  0.03    0.02    2.02 ^ IMEM_data_i[18] (in)
     1    0.00                           IMEM_data_i[18] (net)
                  0.03    0.00    2.02 ^ input42/A (sky130_fd_sc_hd__dlymetal6s2s_1)
                  0.19    0.19    2.21 ^ input42/X (sky130_fd_sc_hd__dlymetal6s2s_1)
     2    0.02                           net42 (net)
                  0.19    0.00    2.21 ^ _07291_/D_N (sky130_fd_sc_hd__or4b_4)
                  0.13    0.58    2.79 v _07291_/X (sky130_fd_sc_hd__or4b_4)
     5    0.03                           _01630_ (net)
                  0.13    0.00    2.80 v _07299_/B1 (sky130_fd_sc_hd__a32o_1)
                  0.04    0.24    3.04 v _07299_/X (sky130_fd_sc_hd__a32o_1)
     1    0.00                           _01638_ (net)
                  0.04    0.00    3.04 v _07300_/C1 (sky130_fd_sc_hd__a211o_1)
                  0.05    0.23    3.27 v _07300_/X (sky130_fd_sc_hd__a211o_1)
     1    0.00                           _01639_ (net)
                  0.05    0.00    3.27 v _07302_/C (sky130_fd_sc_hd__or4_2)
                  0.13    0.70    3.97 v _07302_/X (sky130_fd_sc_hd__or4_2)
     1    0.01                           _01641_ (net)
                  0.13    0.00    3.97 v _07325_/A1 (sky130_fd_sc_hd__a21boi_4)
                  0.46    0.45    4.42 ^ _07325_/Y (sky130_fd_sc_hd__a21boi_4)
    13    0.06                           _01664_ (net)
                  0.46    0.01    4.43 ^ _07356_/A (sky130_fd_sc_hd__and2_1)
                  0.05    0.20    4.63 ^ _07356_/X (sky130_fd_sc_hd__and2_1)
     1    0.00                           _01692_ (net)
                  0.05    0.00    4.63 ^ _07357_/A (sky130_fd_sc_hd__clkbuf_4)
                  0.16    0.23    4.86 ^ _07357_/X (sky130_fd_sc_hd__clkbuf_4)
    15    0.05                           _01693_ (net)
                  0.16    0.00    4.86 ^ _07358_/A (sky130_fd_sc_hd__buf_4)
                  0.16    0.24    5.11 ^ _07358_/X (sky130_fd_sc_hd__buf_4)
    17    0.06                           _01694_ (net)
                  0.16    0.00    5.11 ^ _07958_/B (sky130_fd_sc_hd__or2_1)
                  0.10    0.17    5.28 ^ _07958_/X (sky130_fd_sc_hd__or2_1)
     3    0.01                           _02241_ (net)
                  0.10    0.00    5.28 ^ _07959_/B (sky130_fd_sc_hd__nand2_1)
                  0.08    0.11    5.39 v _07959_/Y (sky130_fd_sc_hd__nand2_1)
     2    0.01                           _02242_ (net)
                  0.08    0.00    5.39 v _08025_/B (sky130_fd_sc_hd__nor4_2)
                  0.42    0.45    5.84 ^ _08025_/Y (sky130_fd_sc_hd__nor4_2)
     2    0.01                           _02305_ (net)
                  0.42    0.00    5.84 ^ _08030_/A4 (sky130_fd_sc_hd__a41oi_4)
                  0.13    0.19    6.04 v _08030_/Y (sky130_fd_sc_hd__a41oi_4)
     4    0.01                           _02310_ (net)
                  0.13    0.00    6.04 v _08034_/A (sky130_fd_sc_hd__nor2_1)
                  0.17    0.21    6.24 ^ _08034_/Y (sky130_fd_sc_hd__nor2_1)
     3    0.01                           _02314_ (net)
                  0.17    0.00    6.24 ^ _08220_/A (sky130_fd_sc_hd__and4_1)
                  0.08    0.23    6.48 ^ _08220_/X (sky130_fd_sc_hd__and4_1)
     1    0.01                           _02492_ (net)
                  0.08    0.00    6.48 ^ _08223_/A1 (sky130_fd_sc_hd__a211oi_1)
                  0.09    0.10    6.58 v _08223_/Y (sky130_fd_sc_hd__a211oi_1)
     2    0.01                           _02495_ (net)
                  0.09    0.00    6.58 v _08225_/B (sky130_fd_sc_hd__or2_1)
                  0.11    0.31    6.88 v _08225_/X (sky130_fd_sc_hd__or2_1)
     5    0.02                           _02497_ (net)
                  0.11    0.00    6.88 v _08314_/A1 (sky130_fd_sc_hd__o41a_1)
                  0.09    0.50    7.38 v _08314_/X (sky130_fd_sc_hd__o41a_1)
     3    0.01                           _02582_ (net)
                  0.09    0.00    7.38 v _08332_/A2 (sky130_fd_sc_hd__o21ai_1)
                  0.17    0.19    7.57 ^ _08332_/Y (sky130_fd_sc_hd__o21ai_1)
     2    0.01                           _02599_ (net)
                  0.17    0.00    7.57 ^ _08333_/B1 (sky130_fd_sc_hd__o21ai_1)
                  0.07    0.10    7.68 v _08333_/Y (sky130_fd_sc_hd__o21ai_1)
     1    0.00                           _02600_ (net)
                  0.07    0.00    7.68 v _08334_/B1 (sky130_fd_sc_hd__o311a_1)
                  0.06    0.14    7.82 v _08334_/X (sky130_fd_sc_hd__o311a_1)
     1    0.00                           _02601_ (net)
                  0.06    0.00    7.82 v _08335_/B1 (sky130_fd_sc_hd__a211o_1)
                  0.05    0.29    8.10 v _08335_/X (sky130_fd_sc_hd__a211o_1)
     1    0.00                           _02602_ (net)
                  0.05    0.00    8.10 v _08337_/A3 (sky130_fd_sc_hd__a31o_1)
                  0.04    0.22    8.32 v _08337_/X (sky130_fd_sc_hd__a31o_1)
     1    0.00                           _00033_ (net)
                  0.04    0.00    8.32 v _15496_/D (sky130_fd_sc_hd__dfxtp_2)
                                  8.32   data arrival time

                         10.00   10.00   clock clk_i (rise edge)
                          0.00   10.00   clock source latency
                  0.17    0.11   10.11 ^ clk_i (in)
     1    0.04                           clk_i (net)
                  0.17    0.00   10.11 ^ clkbuf_0_clk_i/A (sky130_fd_sc_hd__clkbuf_16)
                  0.18    0.26   10.37 ^ clkbuf_0_clk_i/X (sky130_fd_sc_hd__clkbuf_16)
    16    0.16                           clknet_0_clk_i (net)
                  0.18    0.01   10.37 ^ clkbuf_4_10_0_clk_i/A (sky130_fd_sc_hd__clkbuf_8)
                  0.20    0.27   10.65 ^ clkbuf_4_10_0_clk_i/X (sky130_fd_sc_hd__clkbuf_8)
    11    0.11                           clknet_4_10_0_clk_i (net)
                  0.20    0.00   10.65 ^ clkbuf_leaf_119_clk_i/A (sky130_fd_sc_hd__clkbuf_16)
                  0.05    0.17   10.82 ^ clkbuf_leaf_119_clk_i/X (sky130_fd_sc_hd__clkbuf_16)
     8    0.02                           clknet_leaf_119_clk_i (net)
                  0.05    0.00   10.82 ^ _15496_/CLK (sky130_fd_sc_hd__dfxtp_2)
                         -0.25   10.57   clock uncertainty
                          0.00   10.57   clock reconvergence pessimism
                         -0.11   10.47   library setup time
                                 10.47   data required time
-----------------------------------------------------------------------------
                                 10.47   data required time
                                 -8.32   data arrival time
-----------------------------------------------------------------------------
                                  2.14   slack (MET)


Startpoint: IMEM_data_i[18] (input port clocked by clk_i)
Endpoint: _15494_ (rising edge-triggered flip-flop clocked by clk_i)
Path Group: clk_i
Path Type: max

Fanout     Cap    Slew   Delay    Time   Description
-----------------------------------------------------------------------------
                          0.00    0.00   clock clk_i (rise edge)
                          0.00    0.00   clock network delay (propagated)
                          2.00    2.00 ^ input external delay
                  0.03    0.02    2.02 ^ IMEM_data_i[18] (in)
     1    0.00                           IMEM_data_i[18] (net)
                  0.03    0.00    2.02 ^ input42/A (sky130_fd_sc_hd__dlymetal6s2s_1)
                  0.19    0.19    2.21 ^ input42/X (sky130_fd_sc_hd__dlymetal6s2s_1)
     2    0.02                           net42 (net)
                  0.19    0.00    2.21 ^ _07291_/D_N (sky130_fd_sc_hd__or4b_4)
                  0.13    0.58    2.79 v _07291_/X (sky130_fd_sc_hd__or4b_4)
     5    0.03                           _01630_ (net)
                  0.13    0.00    2.80 v _07299_/B1 (sky130_fd_sc_hd__a32o_1)
                  0.04    0.24    3.04 v _07299_/X (sky130_fd_sc_hd__a32o_1)
     1    0.00                           _01638_ (net)
                  0.04    0.00    3.04 v _07300_/C1 (sky130_fd_sc_hd__a211o_1)
                  0.05    0.23    3.27 v _07300_/X (sky130_fd_sc_hd__a211o_1)
     1    0.00                           _01639_ (net)
                  0.05    0.00    3.27 v _07302_/C (sky130_fd_sc_hd__or4_2)
                  0.13    0.70    3.97 v _07302_/X (sky130_fd_sc_hd__or4_2)
     1    0.01                           _01641_ (net)
                  0.13    0.00    3.97 v _07325_/A1 (sky130_fd_sc_hd__a21boi_4)
                  0.46    0.45    4.42 ^ _07325_/Y (sky130_fd_sc_hd__a21boi_4)
    13    0.06                           _01664_ (net)
                  0.46    0.01    4.43 ^ _07356_/A (sky130_fd_sc_hd__and2_1)
                  0.05    0.20    4.63 ^ _07356_/X (sky130_fd_sc_hd__and2_1)
     1    0.00                           _01692_ (net)
                  0.05    0.00    4.63 ^ _07357_/A (sky130_fd_sc_hd__clkbuf_4)
                  0.16    0.23    4.86 ^ _07357_/X (sky130_fd_sc_hd__clkbuf_4)
    15    0.05                           _01693_ (net)
                  0.16    0.00    4.86 ^ _07358_/A (sky130_fd_sc_hd__buf_4)
                  0.16    0.24    5.11 ^ _07358_/X (sky130_fd_sc_hd__buf_4)
    17    0.06                           _01694_ (net)
                  0.16    0.00    5.11 ^ _07958_/B (sky130_fd_sc_hd__or2_1)
                  0.10    0.17    5.28 ^ _07958_/X (sky130_fd_sc_hd__or2_1)
     3    0.01                           _02241_ (net)
                  0.10    0.00    5.28 ^ _07959_/B (sky130_fd_sc_hd__nand2_1)
                  0.08    0.11    5.39 v _07959_/Y (sky130_fd_sc_hd__nand2_1)
     2    0.01                           _02242_ (net)
                  0.08    0.00    5.39 v _08025_/B (sky130_fd_sc_hd__nor4_2)
                  0.42    0.45    5.84 ^ _08025_/Y (sky130_fd_sc_hd__nor4_2)
     2    0.01                           _02305_ (net)
                  0.42    0.00    5.84 ^ _08030_/A4 (sky130_fd_sc_hd__a41oi_4)
                  0.13    0.19    6.04 v _08030_/Y (sky130_fd_sc_hd__a41oi_4)
     4    0.01                           _02310_ (net)
                  0.13    0.00    6.04 v _08034_/A (sky130_fd_sc_hd__nor2_1)
                  0.17    0.21    6.24 ^ _08034_/Y (sky130_fd_sc_hd__nor2_1)
     3    0.01                           _02314_ (net)
                  0.17    0.00    6.24 ^ _08220_/A (sky130_fd_sc_hd__and4_1)
                  0.08    0.23    6.48 ^ _08220_/X (sky130_fd_sc_hd__and4_1)
     1    0.01                           _02492_ (net)
                  0.08    0.00    6.48 ^ _08223_/A1 (sky130_fd_sc_hd__a211oi_1)
                  0.09    0.10    6.58 v _08223_/Y (sky130_fd_sc_hd__a211oi_1)
     2    0.01                           _02495_ (net)
                  0.09    0.00    6.58 v _08225_/B (sky130_fd_sc_hd__or2_1)
                  0.11    0.31    6.88 v _08225_/X (sky130_fd_sc_hd__or2_1)
     5    0.02                           _02497_ (net)
                  0.11    0.00    6.88 v _08269_/A1 (sky130_fd_sc_hd__o21a_1)
                  0.04    0.22    7.11 v _08269_/X (sky130_fd_sc_hd__o21a_1)
     2    0.00                           _02539_ (net)
                  0.04    0.00    7.11 v _08271_/B (sky130_fd_sc_hd__or2_1)
                  0.07    0.25    7.35 v _08271_/X (sky130_fd_sc_hd__or2_1)
     3    0.01                           _02541_ (net)
                  0.07    0.00    7.35 v _08290_/A2 (sky130_fd_sc_hd__a31o_1)
                  0.03    0.22    7.57 v _08290_/X (sky130_fd_sc_hd__a31o_1)
     1    0.00                           _02559_ (net)
                  0.03    0.00    7.57 v _08292_/A (sky130_fd_sc_hd__or2_1)
                  0.05    0.23    7.80 v _08292_/X (sky130_fd_sc_hd__or2_1)
     1    0.00                           _02561_ (net)
                  0.05    0.00    7.80 v _08294_/B1 (sky130_fd_sc_hd__a221o_1)
                  0.05    0.31    8.11 v _08294_/X (sky130_fd_sc_hd__a221o_1)
     1    0.00                           _02563_ (net)
                  0.05    0.00    8.11 v _08295_/B1_N (sky130_fd_sc_hd__a21bo_1)
                  0.03    0.18    8.29 ^ _08295_/X (sky130_fd_sc_hd__a21bo_1)
     1    0.00                           _00030_ (net)
                  0.03    0.00    8.29 ^ _15494_/D (sky130_fd_sc_hd__dfxtp_4)
                                  8.29   data arrival time

                         10.00   10.00   clock clk_i (rise edge)
                          0.00   10.00   clock source latency
                  0.17    0.11   10.11 ^ clk_i (in)
     1    0.04                           clk_i (net)
                  0.17    0.00   10.11 ^ clkbuf_0_clk_i/A (sky130_fd_sc_hd__clkbuf_16)
                  0.18    0.26   10.37 ^ clkbuf_0_clk_i/X (sky130_fd_sc_hd__clkbuf_16)
    16    0.16                           clknet_0_clk_i (net)
                  0.18    0.01   10.37 ^ clkbuf_4_10_0_clk_i/A (sky130_fd_sc_hd__clkbuf_8)
                  0.20    0.27   10.65 ^ clkbuf_4_10_0_clk_i/X (sky130_fd_sc_hd__clkbuf_8)
    11    0.11                           clknet_4_10_0_clk_i (net)
                  0.20    0.00   10.65 ^ clkbuf_leaf_119_clk_i/A (sky130_fd_sc_hd__clkbuf_16)
                  0.05    0.17   10.82 ^ clkbuf_leaf_119_clk_i/X (sky130_fd_sc_hd__clkbuf_16)
     8    0.02                           clknet_leaf_119_clk_i (net)
                  0.05    0.00   10.82 ^ _15494_/CLK (sky130_fd_sc_hd__dfxtp_4)
                         -0.25   10.57   clock uncertainty
                          0.00   10.57   clock reconvergence pessimism
                         -0.06   10.52   library setup time
                                 10.52   data required time
-----------------------------------------------------------------------------
                                 10.52   data required time
                                 -8.29   data arrival time
-----------------------------------------------------------------------------
                                  2.23   slack (MET)


Startpoint: DMEM_rd_data_i[26] (input port clocked by clk_i)
Endpoint: _15677_ (rising edge-triggered flip-flop clocked by clk_i)
Path Group: clk_i
Path Type: max

Fanout     Cap    Slew   Delay    Time   Description
-----------------------------------------------------------------------------
                          0.00    0.00   clock clk_i (rise edge)
                          0.00    0.00   clock network delay (propagated)
                          2.00    2.00 v input external delay
                  0.01    0.01    2.01 v DMEM_rd_data_i[26] (in)
     1    0.00                           DMEM_rd_data_i[26] (net)
                  0.01    0.00    2.01 v input19/A (sky130_fd_sc_hd__buf_2)
                  0.08    0.16    2.17 v input19/X (sky130_fd_sc_hd__buf_2)
     2    0.03                           net19 (net)
                  0.08    0.00    2.17 v _07592_/A1 (sky130_fd_sc_hd__mux2_1)
                  0.07    0.33    2.51 v _07592_/X (sky130_fd_sc_hd__mux2_1)
     2    0.01                           _01888_ (net)
                  0.07    0.00    2.51 v _07593_/B (sky130_fd_sc_hd__and2_1)
                  0.04    0.18    2.68 v _07593_/X (sky130_fd_sc_hd__and2_1)
     1    0.00                           _01889_ (net)
                  0.04    0.00    2.68 v _07596_/A3 (sky130_fd_sc_hd__o41a_1)
                  0.10    0.43    3.12 v _07596_/X (sky130_fd_sc_hd__o41a_1)
     4    0.01                           _01892_ (net)
                  0.10    0.00    3.12 v _12642_/A1 (sky130_fd_sc_hd__a211o_2)
                  0.09    0.38    3.50 v _12642_/X (sky130_fd_sc_hd__a211o_2)
     2    0.02                           _05885_ (net)
                  0.09    0.00    3.50 v _12757_/A2 (sky130_fd_sc_hd__a311oi_4)
                  0.63    0.62    4.12 ^ _12757_/Y (sky130_fd_sc_hd__a311oi_4)
     9    0.05                           _06000_ (net)
                  0.63    0.00    4.13 ^ _12772_/B (sky130_fd_sc_hd__and4_4)
                  0.16    0.46    4.59 ^ _12772_/X (sky130_fd_sc_hd__and4_4)
     8    0.04                           _06015_ (net)
                  0.16    0.00    4.59 ^ _13022_/A2 (sky130_fd_sc_hd__a31o_1)
                  0.09    0.21    4.80 ^ _13022_/X (sky130_fd_sc_hd__a31o_1)
     2    0.01                           _06259_ (net)
                  0.09    0.00    4.80 ^ _13070_/B1 (sky130_fd_sc_hd__o21a_1)
                  0.06    0.15    4.95 ^ _13070_/X (sky130_fd_sc_hd__o21a_1)
     1    0.01                           _06306_ (net)
                  0.06    0.00    4.95 ^ _13071_/B (sky130_fd_sc_hd__xor2_1)
                  0.28    0.28    5.22 ^ _13071_/X (sky130_fd_sc_hd__xor2_1)
     3    0.01                           _06307_ (net)
                  0.28    0.00    5.23 ^ _13072_/B (sky130_fd_sc_hd__xnor2_1)
                  0.09    0.14    5.37 v _13072_/Y (sky130_fd_sc_hd__xnor2_1)
     2    0.01                           _06308_ (net)
                  0.09    0.00    5.37 v _13114_/B (sky130_fd_sc_hd__or2_1)
                  0.08    0.27    5.63 v _13114_/X (sky130_fd_sc_hd__or2_1)
     1    0.01                           _06349_ (net)
                  0.08    0.00    5.63 v _13115_/B1 (sky130_fd_sc_hd__a311oi_4)
                  0.30    0.36    5.99 ^ _13115_/Y (sky130_fd_sc_hd__a311oi_4)
     2    0.01                           _06350_ (net)
                  0.30    0.00    5.99 ^ _13219_/A1 (sky130_fd_sc_hd__o2111ai_4)
                  0.12    0.18    6.17 v _13219_/Y (sky130_fd_sc_hd__o2111ai_4)
     2    0.01                           _06450_ (net)
                  0.12    0.00    6.17 v _13353_/A2 (sky130_fd_sc_hd__a211o_1)
                  0.11    0.41    6.58 v _13353_/X (sky130_fd_sc_hd__a211o_1)
     4    0.02                           _06580_ (net)
                  0.11    0.00    6.58 v _13582_/A2 (sky130_fd_sc_hd__a21o_1)
                  0.05    0.23    6.82 v _13582_/X (sky130_fd_sc_hd__a21o_1)
     2    0.01                           _06801_ (net)
                  0.05    0.00    6.82 v _13650_/A1 (sky130_fd_sc_hd__a211o_1)
                  0.09    0.32    7.14 v _13650_/X (sky130_fd_sc_hd__a211o_1)
     4    0.01                           _06867_ (net)
                  0.09    0.00    7.14 v _13666_/A1 (sky130_fd_sc_hd__a21o_1)
                  0.06    0.21    7.35 v _13666_/X (sky130_fd_sc_hd__a21o_1)
     3    0.01                           _06883_ (net)
                  0.06    0.00    7.35 v _13694_/A2 (sky130_fd_sc_hd__a211o_1)
                  0.05    0.30    7.66 v _13694_/X (sky130_fd_sc_hd__a211o_1)
     1    0.00                           _06910_ (net)
                  0.05    0.00    7.66 v _13702_/A3 (sky130_fd_sc_hd__a31o_1)
                  0.04    0.23    7.88 v _13702_/X (sky130_fd_sc_hd__a31o_1)
     1    0.00                           _06918_ (net)
                  0.04    0.00    7.88 v _13703_/A3 (sky130_fd_sc_hd__o31a_1)
                  0.05    0.25    8.13 v _13703_/X (sky130_fd_sc_hd__o31a_1)
     1    0.00                           _01086_ (net)
                  0.05    0.00    8.13 v _15677_/D (sky130_fd_sc_hd__dfxtp_2)
                                  8.13   data arrival time

                         10.00   10.00   clock clk_i (rise edge)
                          0.00   10.00   clock source latency
                  0.17    0.11   10.11 ^ clk_i (in)
     1    0.04                           clk_i (net)
                  0.17    0.00   10.11 ^ clkbuf_0_clk_i/A (sky130_fd_sc_hd__clkbuf_16)
                  0.18    0.26   10.37 ^ clkbuf_0_clk_i/X (sky130_fd_sc_hd__clkbuf_16)
    16    0.16                           clknet_0_clk_i (net)
                  0.18    0.01   10.37 ^ clkbuf_4_15_0_clk_i/A (sky130_fd_sc_hd__clkbuf_8)
                  0.13    0.23   10.60 ^ clkbuf_4_15_0_clk_i/X (sky130_fd_sc_hd__clkbuf_8)
     7    0.07                           clknet_4_15_0_clk_i (net)
                  0.13    0.00   10.60 ^ clkbuf_leaf_89_clk_i/A (sky130_fd_sc_hd__clkbuf_16)
                  0.03    0.14   10.74 ^ clkbuf_leaf_89_clk_i/X (sky130_fd_sc_hd__clkbuf_16)
     3    0.01                           clknet_leaf_89_clk_i (net)
                  0.03    0.00   10.74 ^ _15677_/CLK (sky130_fd_sc_hd__dfxtp_2)
                         -0.25   10.49   clock uncertainty
                          0.00   10.49   clock reconvergence pessimism
                         -0.12   10.37   library setup time
                                 10.37   data required time
-----------------------------------------------------------------------------
                                 10.37   data required time
                                 -8.13   data arrival time
-----------------------------------------------------------------------------
                                  2.24   slack (MET)


