
===========================================================================
report_checks -unconstrained
============================================================================
Startpoint: IMEM_data_i[18] (input port clocked by clk_i)
Endpoint: _15494_ (rising edge-triggered flip-flop clocked by clk_i)
Path Group: clk_i
Path Type: max

Fanout     Cap    Slew   Delay    Time   Description
-----------------------------------------------------------------------------
                  0.15    0.00    0.00   clock clk_i (rise edge)
                          0.00    0.00   clock network delay (ideal)
                          2.00    2.00 ^ input external delay
                  0.08    0.06    2.06 ^ IMEM_data_i[18] (in)
     2    0.02                           IMEM_data_i[18] (net)
                  0.08    0.00    2.06 ^ _07291_/D_N (sky130_fd_sc_hd__or4b_2)
                  0.16    0.72    2.78 v _07291_/X (sky130_fd_sc_hd__or4b_2)
     5    0.02                           _01630_ (net)
                  0.16    0.00    2.78 v _07299_/B1 (sky130_fd_sc_hd__a32o_2)
                  0.04    0.27    3.05 v _07299_/X (sky130_fd_sc_hd__a32o_2)
     1    0.00                           _01638_ (net)
                  0.04    0.00    3.05 v _07300_/C1 (sky130_fd_sc_hd__a211o_2)
                  0.04    0.26    3.31 v _07300_/X (sky130_fd_sc_hd__a211o_2)
     1    0.00                           _01639_ (net)
                  0.04    0.00    3.31 v _07302_/C (sky130_fd_sc_hd__or4_2)
                  0.12    0.67    3.98 v _07302_/X (sky130_fd_sc_hd__or4_2)
     1    0.01                           _01641_ (net)
                  0.12    0.00    3.98 v _07325_/A1 (sky130_fd_sc_hd__a21boi_2)
                  0.71    0.63    4.61 ^ _07325_/Y (sky130_fd_sc_hd__a21boi_2)
    13    0.06                           _01664_ (net)
                  0.71    0.00    4.61 ^ _07356_/A (sky130_fd_sc_hd__and2_2)
                  0.05    0.28    4.89 ^ _07356_/X (sky130_fd_sc_hd__and2_2)
     1    0.00                           _01692_ (net)
                  0.05    0.00    4.89 ^ _07357_/A (sky130_fd_sc_hd__buf_1)
                  0.72    0.58    5.47 ^ _07357_/X (sky130_fd_sc_hd__buf_1)
    15    0.06                           _01693_ (net)
                  0.72    0.00    5.47 ^ _07358_/A (sky130_fd_sc_hd__buf_1)
                  0.70    0.64    6.11 ^ _07358_/X (sky130_fd_sc_hd__buf_1)
    17    0.06                           _01694_ (net)
                  0.70    0.00    6.11 ^ _07359_/A (sky130_fd_sc_hd__buf_1)
                  0.85    0.74    6.85 ^ _07359_/X (sky130_fd_sc_hd__buf_1)
    17    0.07                           _01695_ (net)
                  0.85    0.00    6.86 ^ _08143_/B (sky130_fd_sc_hd__or2_2)
                  0.09    0.29    7.14 ^ _08143_/X (sky130_fd_sc_hd__or2_2)
     3    0.01                           _02418_ (net)
                  0.09    0.00    7.14 ^ _08144_/B (sky130_fd_sc_hd__nand2_2)
                  0.08    0.10    7.24 v _08144_/Y (sky130_fd_sc_hd__nand2_2)
     3    0.02                           _02419_ (net)
                  0.08    0.00    7.24 v _08221_/B (sky130_fd_sc_hd__nor4_2)
                  0.23    0.29    7.53 ^ _08221_/Y (sky130_fd_sc_hd__nor4_2)
     1    0.00                           _02493_ (net)
                  0.23    0.00    7.53 ^ _08223_/A2 (sky130_fd_sc_hd__a211oi_2)
                  0.08    0.13    7.66 v _08223_/Y (sky130_fd_sc_hd__a211oi_2)
     2    0.01                           _02495_ (net)
                  0.08    0.00    7.66 v _08225_/B (sky130_fd_sc_hd__or2_2)
                  0.09    0.35    8.01 v _08225_/X (sky130_fd_sc_hd__or2_2)
     5    0.02                           _02497_ (net)
                  0.09    0.00    8.01 v _08269_/A1 (sky130_fd_sc_hd__o21a_2)
                  0.04    0.24    8.26 v _08269_/X (sky130_fd_sc_hd__o21a_2)
     2    0.01                           _02539_ (net)
                  0.04    0.00    8.26 v _08271_/B (sky130_fd_sc_hd__or2_2)
                  0.08    0.31    8.57 v _08271_/X (sky130_fd_sc_hd__or2_2)
     3    0.01                           _02541_ (net)
                  0.08    0.00    8.57 v _08290_/A2 (sky130_fd_sc_hd__a31o_2)
                  0.04    0.24    8.81 v _08290_/X (sky130_fd_sc_hd__a31o_2)
     1    0.00                           _02559_ (net)
                  0.04    0.00    8.81 v _08292_/A (sky130_fd_sc_hd__or2_2)
                  0.06    0.30    9.11 v _08292_/X (sky130_fd_sc_hd__or2_2)
     1    0.00                           _02561_ (net)
                  0.06    0.00    9.11 v _08294_/B1 (sky130_fd_sc_hd__a221o_2)
                  0.05    0.34    9.45 v _08294_/X (sky130_fd_sc_hd__a221o_2)
     1    0.00                           _02563_ (net)
                  0.05    0.00    9.45 v _08295_/B1_N (sky130_fd_sc_hd__a21bo_2)
                  0.05    0.19    9.64 ^ _08295_/X (sky130_fd_sc_hd__a21bo_2)
     1    0.00                           _00030_ (net)
                  0.05    0.00    9.64 ^ _15494_/D (sky130_fd_sc_hd__dfxtp_2)
                                  9.64   data arrival time

                  0.15   10.00   10.00   clock clk_i (rise edge)
                          0.00   10.00   clock network delay (ideal)
                         -0.25    9.75   clock uncertainty
                          0.00    9.75   clock reconvergence pessimism
                                  9.75 ^ _15494_/CLK (sky130_fd_sc_hd__dfxtp_2)
                         -0.05    9.70   library setup time
                                  9.70   data required time
-----------------------------------------------------------------------------
                                  9.70   data required time
                                 -9.64   data arrival time
-----------------------------------------------------------------------------
                                  0.06   slack (MET)



===========================================================================
report_checks --slack_max -0.01
============================================================================
No paths found.
