
===========================================================================
report_checks -path_delay max (Setup)
============================================================================
Startpoint: DMEM_rd_data_i[26] (input port clocked by clk_i)
Endpoint: _15681_ (rising edge-triggered flip-flop clocked by clk_i)
Path Group: clk_i
Path Type: max

Fanout     Cap    Slew   Delay    Time   Description
-----------------------------------------------------------------------------
                  0.15    0.00    0.00   clock clk_i (rise edge)
                          0.00    0.00   clock network delay (ideal)
                          2.00    2.00 v input external delay
                  0.01    0.00    2.00 v DMEM_rd_data_i[26] (in)
     1    0.00                           DMEM_rd_data_i[26] (net)
                  0.01    0.00    2.00 v input19/A (sky130_fd_sc_hd__buf_2)
                  0.07    0.16    2.16 v input19/X (sky130_fd_sc_hd__buf_2)
     2    0.03                           net19 (net)
                  0.07    0.00    2.17 v _07592_/A1 (sky130_fd_sc_hd__mux2_1)
                  0.07    0.33    2.49 v _07592_/X (sky130_fd_sc_hd__mux2_1)
     2    0.00                           _01888_ (net)
                  0.07    0.00    2.49 v _07593_/B (sky130_fd_sc_hd__and2_1)
                  0.04    0.17    2.66 v _07593_/X (sky130_fd_sc_hd__and2_1)
     1    0.00                           _01889_ (net)
                  0.04    0.00    2.66 v _07596_/A3 (sky130_fd_sc_hd__o41a_1)
                  0.10    0.43    3.09 v _07596_/X (sky130_fd_sc_hd__o41a_1)
     4    0.01                           _01892_ (net)
                  0.10    0.00    3.09 v _12642_/A1 (sky130_fd_sc_hd__a211o_2)
                  0.08    0.38    3.47 v _12642_/X (sky130_fd_sc_hd__a211o_2)
     2    0.02                           _05885_ (net)
                  0.08    0.00    3.47 v _12757_/A2 (sky130_fd_sc_hd__a311oi_4)
                  0.63    0.62    4.09 ^ _12757_/Y (sky130_fd_sc_hd__a311oi_4)
     9    0.05                           _06000_ (net)
                  0.63    0.00    4.09 ^ _12772_/B (sky130_fd_sc_hd__and4_4)
                  0.16    0.46    4.55 ^ _12772_/X (sky130_fd_sc_hd__and4_4)
     8    0.04                           _06015_ (net)
                  0.16    0.00    4.56 ^ _13022_/A2 (sky130_fd_sc_hd__a31o_1)
                  0.09    0.21    4.76 ^ _13022_/X (sky130_fd_sc_hd__a31o_1)
     2    0.01                           _06259_ (net)
                  0.09    0.00    4.76 ^ _13070_/B1 (sky130_fd_sc_hd__o21a_1)
                  0.06    0.14    4.90 ^ _13070_/X (sky130_fd_sc_hd__o21a_1)
     1    0.00                           _06306_ (net)
                  0.06    0.00    4.90 ^ _13071_/B (sky130_fd_sc_hd__xor2_1)
                  0.26    0.26    5.17 ^ _13071_/X (sky130_fd_sc_hd__xor2_1)
     3    0.01                           _06307_ (net)
                  0.26    0.00    5.17 ^ _13072_/B (sky130_fd_sc_hd__xnor2_1)
                  0.08    0.13    5.30 v _13072_/Y (sky130_fd_sc_hd__xnor2_1)
     2    0.01                           _06308_ (net)
                  0.08    0.00    5.30 v _13114_/B (sky130_fd_sc_hd__or2_1)
                  0.07    0.26    5.56 v _13114_/X (sky130_fd_sc_hd__or2_1)
     1    0.01                           _06349_ (net)
                  0.07    0.00    5.56 v _13115_/B1 (sky130_fd_sc_hd__a311oi_4)
                  0.29    0.35    5.91 ^ _13115_/Y (sky130_fd_sc_hd__a311oi_4)
     2    0.01                           _06350_ (net)
                  0.29    0.00    5.91 ^ _13219_/A1 (sky130_fd_sc_hd__o2111ai_4)
                  0.12    0.18    6.08 v _13219_/Y (sky130_fd_sc_hd__o2111ai_4)
     2    0.01                           _06450_ (net)
                  0.12    0.00    6.08 v _13353_/A2 (sky130_fd_sc_hd__a211o_1)
                  0.11    0.40    6.49 v _13353_/X (sky130_fd_sc_hd__a211o_1)
     4    0.02                           _06580_ (net)
                  0.11    0.00    6.49 v _13582_/A2 (sky130_fd_sc_hd__a21o_1)
                  0.05    0.23    6.71 v _13582_/X (sky130_fd_sc_hd__a21o_1)
     2    0.01                           _06801_ (net)
                  0.05    0.00    6.71 v _13650_/A1 (sky130_fd_sc_hd__a211o_1)
                  0.09    0.32    7.03 v _13650_/X (sky130_fd_sc_hd__a211o_1)
     4    0.01                           _06867_ (net)
                  0.09    0.00    7.03 v _13717_/A1 (sky130_fd_sc_hd__a311o_1)
                  0.11    0.35    7.38 v _13717_/X (sky130_fd_sc_hd__a311o_1)
     5    0.01                           _06932_ (net)
                  0.11    0.00    7.38 v _13775_/A2 (sky130_fd_sc_hd__a311oi_2)
                  0.27    0.33    7.71 ^ _13775_/Y (sky130_fd_sc_hd__a311oi_2)
     3    0.01                           _06988_ (net)
                  0.27    0.00    7.71 ^ _13801_/A2 (sky130_fd_sc_hd__o21ai_1)
                  0.05    0.09    7.80 v _13801_/Y (sky130_fd_sc_hd__o21ai_1)
     1    0.00                           _07013_ (net)
                  0.05    0.00    7.80 v _13803_/B (sky130_fd_sc_hd__and3_1)
                  0.04    0.18    7.98 v _13803_/X (sky130_fd_sc_hd__and3_1)
     1    0.00                           _07015_ (net)
                  0.04    0.00    7.98 v _13815_/A1 (sky130_fd_sc_hd__o21a_1)
                  0.03    0.18    8.16 v _13815_/X (sky130_fd_sc_hd__o21a_1)
     1    0.00                           _01090_ (net)
                  0.03    0.00    8.16 v _15681_/D (sky130_fd_sc_hd__dfxtp_4)
                                  8.16   data arrival time

                  0.15   10.00   10.00   clock clk_i (rise edge)
                          0.00   10.00   clock network delay (ideal)
                         -0.25    9.75   clock uncertainty
                          0.00    9.75   clock reconvergence pessimism
                                  9.75 ^ _15681_/CLK (sky130_fd_sc_hd__dfxtp_4)
                         -0.08    9.67   library setup time
                                  9.67   data required time
-----------------------------------------------------------------------------
                                  9.67   data required time
                                 -8.16   data arrival time
-----------------------------------------------------------------------------
                                  1.51   slack (MET)


Startpoint: DMEM_rd_data_i[26] (input port clocked by clk_i)
Endpoint: _15680_ (rising edge-triggered flip-flop clocked by clk_i)
Path Group: clk_i
Path Type: max

Fanout     Cap    Slew   Delay    Time   Description
-----------------------------------------------------------------------------
                  0.15    0.00    0.00   clock clk_i (rise edge)
                          0.00    0.00   clock network delay (ideal)
                          2.00    2.00 v input external delay
                  0.01    0.00    2.00 v DMEM_rd_data_i[26] (in)
     1    0.00                           DMEM_rd_data_i[26] (net)
                  0.01    0.00    2.00 v input19/A (sky130_fd_sc_hd__buf_2)
                  0.07    0.16    2.16 v input19/X (sky130_fd_sc_hd__buf_2)
     2    0.03                           net19 (net)
                  0.07    0.00    2.17 v _07592_/A1 (sky130_fd_sc_hd__mux2_1)
                  0.07    0.33    2.49 v _07592_/X (sky130_fd_sc_hd__mux2_1)
     2    0.00                           _01888_ (net)
                  0.07    0.00    2.49 v _07593_/B (sky130_fd_sc_hd__and2_1)
                  0.04    0.17    2.66 v _07593_/X (sky130_fd_sc_hd__and2_1)
     1    0.00                           _01889_ (net)
                  0.04    0.00    2.66 v _07596_/A3 (sky130_fd_sc_hd__o41a_1)
                  0.10    0.43    3.09 v _07596_/X (sky130_fd_sc_hd__o41a_1)
     4    0.01                           _01892_ (net)
                  0.10    0.00    3.09 v _12642_/A1 (sky130_fd_sc_hd__a211o_2)
                  0.08    0.38    3.47 v _12642_/X (sky130_fd_sc_hd__a211o_2)
     2    0.02                           _05885_ (net)
                  0.08    0.00    3.47 v _12757_/A2 (sky130_fd_sc_hd__a311oi_4)
                  0.63    0.62    4.09 ^ _12757_/Y (sky130_fd_sc_hd__a311oi_4)
     9    0.05                           _06000_ (net)
                  0.63    0.00    4.09 ^ _12772_/B (sky130_fd_sc_hd__and4_4)
                  0.16    0.46    4.55 ^ _12772_/X (sky130_fd_sc_hd__and4_4)
     8    0.04                           _06015_ (net)
                  0.16    0.00    4.56 ^ _13022_/A2 (sky130_fd_sc_hd__a31o_1)
                  0.09    0.21    4.76 ^ _13022_/X (sky130_fd_sc_hd__a31o_1)
     2    0.01                           _06259_ (net)
                  0.09    0.00    4.76 ^ _13070_/B1 (sky130_fd_sc_hd__o21a_1)
                  0.06    0.14    4.90 ^ _13070_/X (sky130_fd_sc_hd__o21a_1)
     1    0.00                           _06306_ (net)
                  0.06    0.00    4.90 ^ _13071_/B (sky130_fd_sc_hd__xor2_1)
                  0.26    0.26    5.17 ^ _13071_/X (sky130_fd_sc_hd__xor2_1)
     3    0.01                           _06307_ (net)
                  0.26    0.00    5.17 ^ _13072_/B (sky130_fd_sc_hd__xnor2_1)
                  0.08    0.13    5.30 v _13072_/Y (sky130_fd_sc_hd__xnor2_1)
     2    0.01                           _06308_ (net)
                  0.08    0.00    5.30 v _13114_/B (sky130_fd_sc_hd__or2_1)
                  0.07    0.26    5.56 v _13114_/X (sky130_fd_sc_hd__or2_1)
     1    0.01                           _06349_ (net)
                  0.07    0.00    5.56 v _13115_/B1 (sky130_fd_sc_hd__a311oi_4)
                  0.29    0.35    5.91 ^ _13115_/Y (sky130_fd_sc_hd__a311oi_4)
     2    0.01                           _06350_ (net)
                  0.29    0.00    5.91 ^ _13219_/A1 (sky130_fd_sc_hd__o2111ai_4)
                  0.12    0.18    6.08 v _13219_/Y (sky130_fd_sc_hd__o2111ai_4)
     2    0.01                           _06450_ (net)
                  0.12    0.00    6.08 v _13353_/A2 (sky130_fd_sc_hd__a211o_1)
                  0.11    0.40    6.49 v _13353_/X (sky130_fd_sc_hd__a211o_1)
     4    0.02                           _06580_ (net)
                  0.11    0.00    6.49 v _13582_/A2 (sky130_fd_sc_hd__a21o_1)
                  0.05    0.23    6.71 v _13582_/X (sky130_fd_sc_hd__a21o_1)
     2    0.01                           _06801_ (net)
                  0.05    0.00    6.71 v _13650_/A1 (sky130_fd_sc_hd__a211o_1)
                  0.09    0.32    7.03 v _13650_/X (sky130_fd_sc_hd__a211o_1)
     4    0.01                           _06867_ (net)
                  0.09    0.00    7.03 v _13717_/A1 (sky130_fd_sc_hd__a311o_1)
                  0.11    0.35    7.38 v _13717_/X (sky130_fd_sc_hd__a311o_1)
     5    0.01                           _06932_ (net)
                  0.11    0.00    7.38 v _13775_/A2 (sky130_fd_sc_hd__a311oi_2)
                  0.27    0.33    7.71 ^ _13775_/Y (sky130_fd_sc_hd__a311oi_2)
     3    0.01                           _06988_ (net)
                  0.27    0.00    7.71 ^ _13778_/A (sky130_fd_sc_hd__nor2_1)
                  0.06    0.09    7.80 v _13778_/Y (sky130_fd_sc_hd__nor2_1)
     1    0.00                           _06991_ (net)
                  0.06    0.00    7.80 v _13791_/A1 (sky130_fd_sc_hd__o31a_1)
                  0.04    0.30    8.10 v _13791_/X (sky130_fd_sc_hd__o31a_1)
     1    0.00                           _01089_ (net)
                  0.04    0.00    8.10 v _15680_/D (sky130_fd_sc_hd__dfxtp_2)
                                  8.10   data arrival time

                  0.15   10.00   10.00   clock clk_i (rise edge)
                          0.00   10.00   clock network delay (ideal)
                         -0.25    9.75   clock uncertainty
                          0.00    9.75   clock reconvergence pessimism
                                  9.75 ^ _15680_/CLK (sky130_fd_sc_hd__dfxtp_2)
                         -0.09    9.66   library setup time
                                  9.66   data required time
-----------------------------------------------------------------------------
                                  9.66   data required time
                                 -8.10   data arrival time
-----------------------------------------------------------------------------
                                  1.56   slack (MET)


Startpoint: IMEM_data_i[18] (input port clocked by clk_i)
Endpoint: _15496_ (rising edge-triggered flip-flop clocked by clk_i)
Path Group: clk_i
Path Type: max

Fanout     Cap    Slew   Delay    Time   Description
-----------------------------------------------------------------------------
                  0.15    0.00    0.00   clock clk_i (rise edge)
                          0.00    0.00   clock network delay (ideal)
                          2.00    2.00 ^ input external delay
                  0.02    0.01    2.01 ^ IMEM_data_i[18] (in)
     1    0.00                           IMEM_data_i[18] (net)
                  0.02    0.00    2.01 ^ input42/A (sky130_fd_sc_hd__dlymetal6s2s_1)
                  0.18    0.18    2.19 ^ input42/X (sky130_fd_sc_hd__dlymetal6s2s_1)
     2    0.02                           net42 (net)
                  0.18    0.00    2.19 ^ _07291_/D_N (sky130_fd_sc_hd__or4b_4)
                  0.13    0.58    2.77 v _07291_/X (sky130_fd_sc_hd__or4b_4)
     5    0.03                           _01630_ (net)
                  0.13    0.00    2.77 v _07299_/B1 (sky130_fd_sc_hd__a32o_1)
                  0.04    0.24    3.01 v _07299_/X (sky130_fd_sc_hd__a32o_1)
     1    0.00                           _01638_ (net)
                  0.04    0.00    3.01 v _07300_/C1 (sky130_fd_sc_hd__a211o_1)
                  0.05    0.23    3.24 v _07300_/X (sky130_fd_sc_hd__a211o_1)
     1    0.00                           _01639_ (net)
                  0.05    0.00    3.24 v _07302_/C (sky130_fd_sc_hd__or4_2)
                  0.13    0.69    3.93 v _07302_/X (sky130_fd_sc_hd__or4_2)
     1    0.01                           _01641_ (net)
                  0.13    0.00    3.93 v _07325_/A1 (sky130_fd_sc_hd__a21boi_4)
                  0.44    0.44    4.37 ^ _07325_/Y (sky130_fd_sc_hd__a21boi_4)
    13    0.06                           _01664_ (net)
                  0.44    0.00    4.38 ^ _07356_/A (sky130_fd_sc_hd__and2_1)
                  0.05    0.20    4.58 ^ _07356_/X (sky130_fd_sc_hd__and2_1)
     1    0.00                           _01692_ (net)
                  0.05    0.00    4.58 ^ _07357_/A (sky130_fd_sc_hd__clkbuf_4)
                  0.14    0.22    4.80 ^ _07357_/X (sky130_fd_sc_hd__clkbuf_4)
    15    0.05                           _01693_ (net)
                  0.14    0.00    4.80 ^ _07358_/A (sky130_fd_sc_hd__buf_4)
                  0.14    0.23    5.03 ^ _07358_/X (sky130_fd_sc_hd__buf_4)
    17    0.05                           _01694_ (net)
                  0.14    0.00    5.03 ^ _07958_/B (sky130_fd_sc_hd__or2_1)
                  0.09    0.16    5.19 ^ _07958_/X (sky130_fd_sc_hd__or2_1)
     3    0.01                           _02241_ (net)
                  0.09    0.00    5.19 ^ _07959_/B (sky130_fd_sc_hd__nand2_1)
                  0.08    0.10    5.29 v _07959_/Y (sky130_fd_sc_hd__nand2_1)
     2    0.01                           _02242_ (net)
                  0.08    0.00    5.29 v _08025_/B (sky130_fd_sc_hd__nor4_2)
                  0.39    0.43    5.72 ^ _08025_/Y (sky130_fd_sc_hd__nor4_2)
     2    0.01                           _02305_ (net)
                  0.39    0.00    5.72 ^ _08030_/A4 (sky130_fd_sc_hd__a41oi_4)
                  0.12    0.18    5.90 v _08030_/Y (sky130_fd_sc_hd__a41oi_4)
     4    0.01                           _02310_ (net)
                  0.12    0.00    5.90 v _08034_/A (sky130_fd_sc_hd__nor2_1)
                  0.15    0.19    6.09 ^ _08034_/Y (sky130_fd_sc_hd__nor2_1)
     3    0.01                           _02314_ (net)
                  0.15    0.00    6.09 ^ _08220_/A (sky130_fd_sc_hd__and4_1)
                  0.08    0.23    6.31 ^ _08220_/X (sky130_fd_sc_hd__and4_1)
     1    0.01                           _02492_ (net)
                  0.08    0.00    6.31 ^ _08223_/A1 (sky130_fd_sc_hd__a211oi_1)
                  0.09    0.10    6.41 v _08223_/Y (sky130_fd_sc_hd__a211oi_1)
     2    0.01                           _02495_ (net)
                  0.09    0.00    6.41 v _08225_/B (sky130_fd_sc_hd__or2_1)
                  0.10    0.30    6.71 v _08225_/X (sky130_fd_sc_hd__or2_1)
     5    0.02                           _02497_ (net)
                  0.10    0.00    6.71 v _08314_/A1 (sky130_fd_sc_hd__o41a_1)
                  0.09    0.49    7.20 v _08314_/X (sky130_fd_sc_hd__o41a_1)
     3    0.01                           _02582_ (net)
                  0.09    0.00    7.20 v _08332_/A2 (sky130_fd_sc_hd__o21ai_1)
                  0.15    0.17    7.38 ^ _08332_/Y (sky130_fd_sc_hd__o21ai_1)
     2    0.01                           _02599_ (net)
                  0.15    0.00    7.38 ^ _08333_/B1 (sky130_fd_sc_hd__o21ai_1)
                  0.06    0.09    7.47 v _08333_/Y (sky130_fd_sc_hd__o21ai_1)
     1    0.00                           _02600_ (net)
                  0.06    0.00    7.47 v _08334_/B1 (sky130_fd_sc_hd__o311a_1)
                  0.05    0.13    7.60 v _08334_/X (sky130_fd_sc_hd__o311a_1)
     1    0.00                           _02601_ (net)
                  0.05    0.00    7.60 v _08335_/B1 (sky130_fd_sc_hd__a211o_1)
                  0.05    0.28    7.88 v _08335_/X (sky130_fd_sc_hd__a211o_1)
     1    0.00                           _02602_ (net)
                  0.05    0.00    7.88 v _08337_/A3 (sky130_fd_sc_hd__a31o_1)
                  0.03    0.22    8.10 v _08337_/X (sky130_fd_sc_hd__a31o_1)
     1    0.00                           _00033_ (net)
                  0.03    0.00    8.10 v _15496_/D (sky130_fd_sc_hd__dfxtp_2)
                                  8.10   data arrival time

                  0.15   10.00   10.00   clock clk_i (rise edge)
                          0.00   10.00   clock network delay (ideal)
                         -0.25    9.75   clock uncertainty
                          0.00    9.75   clock reconvergence pessimism
                                  9.75 ^ _15496_/CLK (sky130_fd_sc_hd__dfxtp_2)
                         -0.08    9.67   library setup time
                                  9.67   data required time
-----------------------------------------------------------------------------
                                  9.67   data required time
                                 -8.10   data arrival time
-----------------------------------------------------------------------------
                                  1.57   slack (MET)


Startpoint: IMEM_data_i[18] (input port clocked by clk_i)
Endpoint: _15494_ (rising edge-triggered flip-flop clocked by clk_i)
Path Group: clk_i
Path Type: max

Fanout     Cap    Slew   Delay    Time   Description
-----------------------------------------------------------------------------
                  0.15    0.00    0.00   clock clk_i (rise edge)
                          0.00    0.00   clock network delay (ideal)
                          2.00    2.00 ^ input external delay
                  0.02    0.01    2.01 ^ IMEM_data_i[18] (in)
     1    0.00                           IMEM_data_i[18] (net)
                  0.02    0.00    2.01 ^ input42/A (sky130_fd_sc_hd__dlymetal6s2s_1)
                  0.18    0.18    2.19 ^ input42/X (sky130_fd_sc_hd__dlymetal6s2s_1)
     2    0.02                           net42 (net)
                  0.18    0.00    2.19 ^ _07291_/D_N (sky130_fd_sc_hd__or4b_4)
                  0.13    0.58    2.77 v _07291_/X (sky130_fd_sc_hd__or4b_4)
     5    0.03                           _01630_ (net)
                  0.13    0.00    2.77 v _07299_/B1 (sky130_fd_sc_hd__a32o_1)
                  0.04    0.24    3.01 v _07299_/X (sky130_fd_sc_hd__a32o_1)
     1    0.00                           _01638_ (net)
                  0.04    0.00    3.01 v _07300_/C1 (sky130_fd_sc_hd__a211o_1)
                  0.05    0.23    3.24 v _07300_/X (sky130_fd_sc_hd__a211o_1)
     1    0.00                           _01639_ (net)
                  0.05    0.00    3.24 v _07302_/C (sky130_fd_sc_hd__or4_2)
                  0.13    0.69    3.93 v _07302_/X (sky130_fd_sc_hd__or4_2)
     1    0.01                           _01641_ (net)
                  0.13    0.00    3.93 v _07325_/A1 (sky130_fd_sc_hd__a21boi_4)
                  0.44    0.44    4.37 ^ _07325_/Y (sky130_fd_sc_hd__a21boi_4)
    13    0.06                           _01664_ (net)
                  0.44    0.00    4.38 ^ _07356_/A (sky130_fd_sc_hd__and2_1)
                  0.05    0.20    4.58 ^ _07356_/X (sky130_fd_sc_hd__and2_1)
     1    0.00                           _01692_ (net)
                  0.05    0.00    4.58 ^ _07357_/A (sky130_fd_sc_hd__clkbuf_4)
                  0.14    0.22    4.80 ^ _07357_/X (sky130_fd_sc_hd__clkbuf_4)
    15    0.05                           _01693_ (net)
                  0.14    0.00    4.80 ^ _07358_/A (sky130_fd_sc_hd__buf_4)
                  0.14    0.23    5.03 ^ _07358_/X (sky130_fd_sc_hd__buf_4)
    17    0.05                           _01694_ (net)
                  0.14    0.00    5.03 ^ _07958_/B (sky130_fd_sc_hd__or2_1)
                  0.09    0.16    5.19 ^ _07958_/X (sky130_fd_sc_hd__or2_1)
     3    0.01                           _02241_ (net)
                  0.09    0.00    5.19 ^ _07959_/B (sky130_fd_sc_hd__nand2_1)
                  0.08    0.10    5.29 v _07959_/Y (sky130_fd_sc_hd__nand2_1)
     2    0.01                           _02242_ (net)
                  0.08    0.00    5.29 v _08025_/B (sky130_fd_sc_hd__nor4_2)
                  0.39    0.43    5.72 ^ _08025_/Y (sky130_fd_sc_hd__nor4_2)
     2    0.01                           _02305_ (net)
                  0.39    0.00    5.72 ^ _08030_/A4 (sky130_fd_sc_hd__a41oi_4)
                  0.12    0.18    5.90 v _08030_/Y (sky130_fd_sc_hd__a41oi_4)
     4    0.01                           _02310_ (net)
                  0.12    0.00    5.90 v _08034_/A (sky130_fd_sc_hd__nor2_1)
                  0.15    0.19    6.09 ^ _08034_/Y (sky130_fd_sc_hd__nor2_1)
     3    0.01                           _02314_ (net)
                  0.15    0.00    6.09 ^ _08220_/A (sky130_fd_sc_hd__and4_1)
                  0.08    0.23    6.31 ^ _08220_/X (sky130_fd_sc_hd__and4_1)
     1    0.01                           _02492_ (net)
                  0.08    0.00    6.31 ^ _08223_/A1 (sky130_fd_sc_hd__a211oi_1)
                  0.09    0.10    6.41 v _08223_/Y (sky130_fd_sc_hd__a211oi_1)
     2    0.01                           _02495_ (net)
                  0.09    0.00    6.41 v _08225_/B (sky130_fd_sc_hd__or2_1)
                  0.10    0.30    6.71 v _08225_/X (sky130_fd_sc_hd__or2_1)
     5    0.02                           _02497_ (net)
                  0.10    0.00    6.71 v _08269_/A1 (sky130_fd_sc_hd__o21a_1)
                  0.04    0.22    6.93 v _08269_/X (sky130_fd_sc_hd__o21a_1)
     2    0.00                           _02539_ (net)
                  0.04    0.00    6.93 v _08271_/B (sky130_fd_sc_hd__or2_1)
                  0.07    0.24    7.17 v _08271_/X (sky130_fd_sc_hd__or2_1)
     3    0.01                           _02541_ (net)
                  0.07    0.00    7.17 v _08290_/A2 (sky130_fd_sc_hd__a31o_1)
                  0.03    0.21    7.39 v _08290_/X (sky130_fd_sc_hd__a31o_1)
     1    0.00                           _02559_ (net)
                  0.03    0.00    7.39 v _08292_/A (sky130_fd_sc_hd__or2_1)
                  0.05    0.23    7.62 v _08292_/X (sky130_fd_sc_hd__or2_1)
     1    0.00                           _02561_ (net)
                  0.05    0.00    7.62 v _08294_/B1 (sky130_fd_sc_hd__a221o_1)
                  0.05    0.30    7.92 v _08294_/X (sky130_fd_sc_hd__a221o_1)
     1    0.00                           _02563_ (net)
                  0.05    0.00    7.92 v _08295_/B1_N (sky130_fd_sc_hd__a21bo_1)
                  0.03    0.17    8.09 ^ _08295_/X (sky130_fd_sc_hd__a21bo_1)
     1    0.00                           _00030_ (net)
                  0.03    0.00    8.09 ^ _15494_/D (sky130_fd_sc_hd__dfxtp_4)
                                  8.09   data arrival time

                  0.15   10.00   10.00   clock clk_i (rise edge)
                          0.00   10.00   clock network delay (ideal)
                         -0.25    9.75   clock uncertainty
                          0.00    9.75   clock reconvergence pessimism
                                  9.75 ^ _15494_/CLK (sky130_fd_sc_hd__dfxtp_4)
                         -0.04    9.71   library setup time
                                  9.71   data required time
-----------------------------------------------------------------------------
                                  9.71   data required time
                                 -8.09   data arrival time
-----------------------------------------------------------------------------
                                  1.62   slack (MET)


Startpoint: DMEM_rd_data_i[26] (input port clocked by clk_i)
Endpoint: _15677_ (rising edge-triggered flip-flop clocked by clk_i)
Path Group: clk_i
Path Type: max

Fanout     Cap    Slew   Delay    Time   Description
-----------------------------------------------------------------------------
                  0.15    0.00    0.00   clock clk_i (rise edge)
                          0.00    0.00   clock network delay (ideal)
                          2.00    2.00 v input external delay
                  0.01    0.00    2.00 v DMEM_rd_data_i[26] (in)
     1    0.00                           DMEM_rd_data_i[26] (net)
                  0.01    0.00    2.00 v input19/A (sky130_fd_sc_hd__buf_2)
                  0.07    0.16    2.16 v input19/X (sky130_fd_sc_hd__buf_2)
     2    0.03                           net19 (net)
                  0.07    0.00    2.17 v _07592_/A1 (sky130_fd_sc_hd__mux2_1)
                  0.07    0.33    2.49 v _07592_/X (sky130_fd_sc_hd__mux2_1)
     2    0.00                           _01888_ (net)
                  0.07    0.00    2.49 v _07593_/B (sky130_fd_sc_hd__and2_1)
                  0.04    0.17    2.66 v _07593_/X (sky130_fd_sc_hd__and2_1)
     1    0.00                           _01889_ (net)
                  0.04    0.00    2.66 v _07596_/A3 (sky130_fd_sc_hd__o41a_1)
                  0.10    0.43    3.09 v _07596_/X (sky130_fd_sc_hd__o41a_1)
     4    0.01                           _01892_ (net)
                  0.10    0.00    3.09 v _12642_/A1 (sky130_fd_sc_hd__a211o_2)
                  0.08    0.38    3.47 v _12642_/X (sky130_fd_sc_hd__a211o_2)
     2    0.02                           _05885_ (net)
                  0.08    0.00    3.47 v _12757_/A2 (sky130_fd_sc_hd__a311oi_4)
                  0.63    0.62    4.09 ^ _12757_/Y (sky130_fd_sc_hd__a311oi_4)
     9    0.05                           _06000_ (net)
                  0.63    0.00    4.09 ^ _12772_/B (sky130_fd_sc_hd__and4_4)
                  0.16    0.46    4.55 ^ _12772_/X (sky130_fd_sc_hd__and4_4)
     8    0.04                           _06015_ (net)
                  0.16    0.00    4.56 ^ _13022_/A2 (sky130_fd_sc_hd__a31o_1)
                  0.09    0.21    4.76 ^ _13022_/X (sky130_fd_sc_hd__a31o_1)
     2    0.01                           _06259_ (net)
                  0.09    0.00    4.76 ^ _13070_/B1 (sky130_fd_sc_hd__o21a_1)
                  0.06    0.14    4.90 ^ _13070_/X (sky130_fd_sc_hd__o21a_1)
     1    0.00                           _06306_ (net)
                  0.06    0.00    4.90 ^ _13071_/B (sky130_fd_sc_hd__xor2_1)
                  0.26    0.26    5.17 ^ _13071_/X (sky130_fd_sc_hd__xor2_1)
     3    0.01                           _06307_ (net)
                  0.26    0.00    5.17 ^ _13072_/B (sky130_fd_sc_hd__xnor2_1)
                  0.08    0.13    5.30 v _13072_/Y (sky130_fd_sc_hd__xnor2_1)
     2    0.01                           _06308_ (net)
                  0.08    0.00    5.30 v _13114_/B (sky130_fd_sc_hd__or2_1)
                  0.07    0.26    5.56 v _13114_/X (sky130_fd_sc_hd__or2_1)
     1    0.01                           _06349_ (net)
                  0.07    0.00    5.56 v _13115_/B1 (sky130_fd_sc_hd__a311oi_4)
                  0.29    0.35    5.91 ^ _13115_/Y (sky130_fd_sc_hd__a311oi_4)
     2    0.01                           _06350_ (net)
                  0.29    0.00    5.91 ^ _13219_/A1 (sky130_fd_sc_hd__o2111ai_4)
                  0.12    0.18    6.08 v _13219_/Y (sky130_fd_sc_hd__o2111ai_4)
     2    0.01                           _06450_ (net)
                  0.12    0.00    6.08 v _13353_/A2 (sky130_fd_sc_hd__a211o_1)
                  0.11    0.40    6.49 v _13353_/X (sky130_fd_sc_hd__a211o_1)
     4    0.02                           _06580_ (net)
                  0.11    0.00    6.49 v _13582_/A2 (sky130_fd_sc_hd__a21o_1)
                  0.05    0.23    6.71 v _13582_/X (sky130_fd_sc_hd__a21o_1)
     2    0.01                           _06801_ (net)
                  0.05    0.00    6.71 v _13650_/A1 (sky130_fd_sc_hd__a211o_1)
                  0.09    0.32    7.03 v _13650_/X (sky130_fd_sc_hd__a211o_1)
     4    0.01                           _06867_ (net)
                  0.09    0.00    7.03 v _13666_/A1 (sky130_fd_sc_hd__a21o_1)
                  0.06    0.20    7.23 v _13666_/X (sky130_fd_sc_hd__a21o_1)
     3    0.01                           _06883_ (net)
                  0.06    0.00    7.23 v _13694_/A2 (sky130_fd_sc_hd__a211o_1)
                  0.05    0.30    7.54 v _13694_/X (sky130_fd_sc_hd__a211o_1)
     1    0.00                           _06910_ (net)
                  0.05    0.00    7.54 v _13702_/A3 (sky130_fd_sc_hd__a31o_1)
                  0.04    0.22    7.76 v _13702_/X (sky130_fd_sc_hd__a31o_1)
     1    0.00                           _06918_ (net)
                  0.04    0.00    7.76 v _13703_/A3 (sky130_fd_sc_hd__o31a_1)
                  0.04    0.23    7.99 v _13703_/X (sky130_fd_sc_hd__o31a_1)
     1    0.00                           _01086_ (net)
                  0.04    0.00    7.99 v _15677_/D (sky130_fd_sc_hd__dfxtp_2)
                                  7.99   data arrival time

                  0.15   10.00   10.00   clock clk_i (rise edge)
                          0.00   10.00   clock network delay (ideal)
                         -0.25    9.75   clock uncertainty
                          0.00    9.75   clock reconvergence pessimism
                                  9.75 ^ _15677_/CLK (sky130_fd_sc_hd__dfxtp_2)
                         -0.09    9.66   library setup time
                                  9.66   data required time
-----------------------------------------------------------------------------
                                  9.66   data required time
                                 -7.99   data arrival time
-----------------------------------------------------------------------------
                                  1.67   slack (MET)


