
===========================================================================
report_checks -path_delay max (Setup)
============================================================================
Startpoint: IMEM_data_i[18] (input port clocked by clk_i)
Endpoint: _15240_ (rising edge-triggered flip-flop clocked by clk_i)
Path Group: clk_i
Path Type: max

Fanout     Cap    Slew   Delay    Time   Description
-----------------------------------------------------------------------------
                  0.15    0.00    0.00   clock clk_i (rise edge)
                          0.00    0.00   clock network delay (ideal)
                          2.00    2.00 ^ input external delay
                  0.03    0.02    2.02 ^ IMEM_data_i[18] (in)
     2    0.00                           IMEM_data_i[18] (net)
                  0.03    0.00    2.02 ^ _07164_/D_N (sky130_fd_sc_hd__or4b_2)
                  0.15    0.68    2.69 v _07164_/X (sky130_fd_sc_hd__or4b_2)
     5    0.01                           _01573_ (net)
                  0.15    0.00    2.69 v _07172_/B1 (sky130_fd_sc_hd__a32o_2)
                  0.04    0.26    2.95 v _07172_/X (sky130_fd_sc_hd__a32o_2)
     1    0.00                           _01581_ (net)
                  0.04    0.00    2.95 v _07173_/C1 (sky130_fd_sc_hd__a211o_2)
                  0.04    0.26    3.21 v _07173_/X (sky130_fd_sc_hd__a211o_2)
     1    0.00                           _01582_ (net)
                  0.04    0.00    3.21 v _07175_/C (sky130_fd_sc_hd__or4_2)
                  0.11    0.64    3.85 v _07175_/X (sky130_fd_sc_hd__or4_2)
     1    0.00                           _01584_ (net)
                  0.11    0.00    3.85 v _07198_/A1 (sky130_fd_sc_hd__a21boi_2)
                  0.35    0.36    4.21 ^ _07198_/Y (sky130_fd_sc_hd__a21boi_2)
    13    0.03                           _01607_ (net)
                  0.35    0.00    4.21 ^ _07227_/A (sky130_fd_sc_hd__and2_2)
                  0.04    0.22    4.43 ^ _07227_/X (sky130_fd_sc_hd__and2_2)
     1    0.00                           _01633_ (net)
                  0.04    0.00    4.43 ^ _07228_/A (sky130_fd_sc_hd__buf_1)
                  0.62    0.50    4.93 ^ _07228_/X (sky130_fd_sc_hd__buf_1)
    15    0.05                           _01634_ (net)
                  0.62    0.00    4.93 ^ _07229_/A (sky130_fd_sc_hd__buf_1)
                  0.84    0.73    5.66 ^ _07229_/X (sky130_fd_sc_hd__buf_1)
    25    0.07                           _01635_ (net)
                  0.84    0.00    5.66 ^ _07821_/B (sky130_fd_sc_hd__or2_2)
                  0.09    0.28    5.94 ^ _07821_/X (sky130_fd_sc_hd__or2_2)
     3    0.01                           _02174_ (net)
                  0.09    0.00    5.94 ^ _07822_/B (sky130_fd_sc_hd__nand2_2)
                  0.07    0.09    6.03 v _07822_/Y (sky130_fd_sc_hd__nand2_2)
     2    0.01                           _02175_ (net)
                  0.07    0.00    6.03 v _07887_/B (sky130_fd_sc_hd__nor4_2)
                  0.28    0.32    6.35 ^ _07887_/Y (sky130_fd_sc_hd__nor4_2)
     2    0.01                           _02237_ (net)
                  0.28    0.00    6.35 ^ _07892_/A4 (sky130_fd_sc_hd__a41oi_2)
                  0.14    0.20    6.55 v _07892_/Y (sky130_fd_sc_hd__a41oi_2)
     4    0.01                           _02242_ (net)
                  0.14    0.00    6.55 v _07896_/A (sky130_fd_sc_hd__nor2_2)
                  0.09    0.16    6.71 ^ _07896_/Y (sky130_fd_sc_hd__nor2_2)
     3    0.01                           _02246_ (net)
                  0.09    0.00    6.71 ^ _08080_/A (sky130_fd_sc_hd__and4_2)
                  0.06    0.22    6.93 ^ _08080_/X (sky130_fd_sc_hd__and4_2)
     1    0.00                           _02422_ (net)
                  0.06    0.00    6.93 ^ _08083_/A1 (sky130_fd_sc_hd__a211oi_2)
                  0.07    0.07    7.00 v _08083_/Y (sky130_fd_sc_hd__a211oi_2)
     2    0.01                           _02425_ (net)
                  0.07    0.00    7.00 v _08085_/B (sky130_fd_sc_hd__or2_2)
                  0.09    0.34    7.34 v _08085_/X (sky130_fd_sc_hd__or2_2)
     5    0.01                           _02427_ (net)
                  0.09    0.00    7.34 v _08129_/A1 (sky130_fd_sc_hd__o21a_2)
                  0.04    0.24    7.58 v _08129_/X (sky130_fd_sc_hd__o21a_2)
     2    0.01                           _02469_ (net)
                  0.04    0.00    7.58 v _08131_/B (sky130_fd_sc_hd__or2_2)
                  0.07    0.31    7.89 v _08131_/X (sky130_fd_sc_hd__or2_2)
     3    0.01                           _02471_ (net)
                  0.07    0.00    7.89 v _08150_/A2 (sky130_fd_sc_hd__a31o_2)
                  0.04    0.24    8.13 v _08150_/X (sky130_fd_sc_hd__a31o_2)
     1    0.00                           _02489_ (net)
                  0.04    0.00    8.13 v _08152_/A (sky130_fd_sc_hd__or2_2)
                  0.05    0.29    8.43 v _08152_/X (sky130_fd_sc_hd__or2_2)
     1    0.00                           _02491_ (net)
                  0.05    0.00    8.43 v _08154_/B1 (sky130_fd_sc_hd__a221o_2)
                  0.05    0.33    8.76 v _08154_/X (sky130_fd_sc_hd__a221o_2)
     1    0.00                           _02493_ (net)
                  0.05    0.00    8.76 v _08155_/B1_N (sky130_fd_sc_hd__a21bo_2)
                  0.04    0.18    8.94 ^ _08155_/X (sky130_fd_sc_hd__a21bo_2)
     1    0.00                           _00030_ (net)
                  0.04    0.00    8.94 ^ _15240_/D (sky130_fd_sc_hd__dfxtp_2)
                                  8.94   data arrival time

                  0.15   10.00   10.00   clock clk_i (rise edge)
                          0.00   10.00   clock network delay (ideal)
                         -0.25    9.75   clock uncertainty
                          0.00    9.75   clock reconvergence pessimism
                                  9.75 ^ _15240_/CLK (sky130_fd_sc_hd__dfxtp_2)
                         -0.04    9.71   library setup time
                                  9.71   data required time
-----------------------------------------------------------------------------
                                  9.71   data required time
                                 -8.94   data arrival time
-----------------------------------------------------------------------------
                                  0.77   slack (MET)


Startpoint: IMEM_data_i[18] (input port clocked by clk_i)
Endpoint: _15242_ (rising edge-triggered flip-flop clocked by clk_i)
Path Group: clk_i
Path Type: max

Fanout     Cap    Slew   Delay    Time   Description
-----------------------------------------------------------------------------
                  0.15    0.00    0.00   clock clk_i (rise edge)
                          0.00    0.00   clock network delay (ideal)
                          2.00    2.00 ^ input external delay
                  0.03    0.02    2.02 ^ IMEM_data_i[18] (in)
     2    0.00                           IMEM_data_i[18] (net)
                  0.03    0.00    2.02 ^ _07164_/D_N (sky130_fd_sc_hd__or4b_2)
                  0.15    0.68    2.69 v _07164_/X (sky130_fd_sc_hd__or4b_2)
     5    0.01                           _01573_ (net)
                  0.15    0.00    2.69 v _07172_/B1 (sky130_fd_sc_hd__a32o_2)
                  0.04    0.26    2.95 v _07172_/X (sky130_fd_sc_hd__a32o_2)
     1    0.00                           _01581_ (net)
                  0.04    0.00    2.95 v _07173_/C1 (sky130_fd_sc_hd__a211o_2)
                  0.04    0.26    3.21 v _07173_/X (sky130_fd_sc_hd__a211o_2)
     1    0.00                           _01582_ (net)
                  0.04    0.00    3.21 v _07175_/C (sky130_fd_sc_hd__or4_2)
                  0.11    0.64    3.85 v _07175_/X (sky130_fd_sc_hd__or4_2)
     1    0.00                           _01584_ (net)
                  0.11    0.00    3.85 v _07198_/A1 (sky130_fd_sc_hd__a21boi_2)
                  0.35    0.36    4.21 ^ _07198_/Y (sky130_fd_sc_hd__a21boi_2)
    13    0.03                           _01607_ (net)
                  0.35    0.00    4.21 ^ _07227_/A (sky130_fd_sc_hd__and2_2)
                  0.04    0.22    4.43 ^ _07227_/X (sky130_fd_sc_hd__and2_2)
     1    0.00                           _01633_ (net)
                  0.04    0.00    4.43 ^ _07228_/A (sky130_fd_sc_hd__buf_1)
                  0.62    0.50    4.93 ^ _07228_/X (sky130_fd_sc_hd__buf_1)
    15    0.05                           _01634_ (net)
                  0.62    0.00    4.93 ^ _07229_/A (sky130_fd_sc_hd__buf_1)
                  0.84    0.73    5.66 ^ _07229_/X (sky130_fd_sc_hd__buf_1)
    25    0.07                           _01635_ (net)
                  0.84    0.00    5.66 ^ _07821_/B (sky130_fd_sc_hd__or2_2)
                  0.09    0.28    5.94 ^ _07821_/X (sky130_fd_sc_hd__or2_2)
     3    0.01                           _02174_ (net)
                  0.09    0.00    5.94 ^ _07822_/B (sky130_fd_sc_hd__nand2_2)
                  0.07    0.09    6.03 v _07822_/Y (sky130_fd_sc_hd__nand2_2)
     2    0.01                           _02175_ (net)
                  0.07    0.00    6.03 v _07887_/B (sky130_fd_sc_hd__nor4_2)
                  0.28    0.32    6.35 ^ _07887_/Y (sky130_fd_sc_hd__nor4_2)
     2    0.01                           _02237_ (net)
                  0.28    0.00    6.35 ^ _07892_/A4 (sky130_fd_sc_hd__a41oi_2)
                  0.14    0.20    6.55 v _07892_/Y (sky130_fd_sc_hd__a41oi_2)
     4    0.01                           _02242_ (net)
                  0.14    0.00    6.55 v _07896_/A (sky130_fd_sc_hd__nor2_2)
                  0.09    0.16    6.71 ^ _07896_/Y (sky130_fd_sc_hd__nor2_2)
     3    0.01                           _02246_ (net)
                  0.09    0.00    6.71 ^ _08080_/A (sky130_fd_sc_hd__and4_2)
                  0.06    0.22    6.93 ^ _08080_/X (sky130_fd_sc_hd__and4_2)
     1    0.00                           _02422_ (net)
                  0.06    0.00    6.93 ^ _08083_/A1 (sky130_fd_sc_hd__a211oi_2)
                  0.07    0.07    7.00 v _08083_/Y (sky130_fd_sc_hd__a211oi_2)
     2    0.01                           _02425_ (net)
                  0.07    0.00    7.00 v _08085_/B (sky130_fd_sc_hd__or2_2)
                  0.09    0.34    7.34 v _08085_/X (sky130_fd_sc_hd__or2_2)
     5    0.01                           _02427_ (net)
                  0.09    0.00    7.34 v _08174_/A1 (sky130_fd_sc_hd__o41a_2)
                  0.09    0.55    7.90 v _08174_/X (sky130_fd_sc_hd__o41a_2)
     3    0.01                           _02512_ (net)
                  0.09    0.00    7.90 v _08192_/A2 (sky130_fd_sc_hd__o21ai_2)
                  0.13    0.16    8.05 ^ _08192_/Y (sky130_fd_sc_hd__o21ai_2)
     2    0.01                           _02529_ (net)
                  0.13    0.00    8.05 ^ _08193_/B1 (sky130_fd_sc_hd__o21ai_2)
                  0.04    0.07    8.12 v _08193_/Y (sky130_fd_sc_hd__o21ai_2)
     1    0.00                           _02530_ (net)
                  0.04    0.00    8.12 v _08194_/B1 (sky130_fd_sc_hd__o311a_2)
                  0.05    0.13    8.25 v _08194_/X (sky130_fd_sc_hd__o311a_2)
     1    0.00                           _02531_ (net)
                  0.05    0.00    8.25 v _08195_/B1 (sky130_fd_sc_hd__a211o_2)
                  0.05    0.31    8.56 v _08195_/X (sky130_fd_sc_hd__a211o_2)
     1    0.00                           _02532_ (net)
                  0.05    0.00    8.56 v _08197_/A3 (sky130_fd_sc_hd__a31o_2)
                  0.03    0.24    8.80 v _08197_/X (sky130_fd_sc_hd__a31o_2)
     1    0.00                           _00033_ (net)
                  0.03    0.00    8.80 v _15242_/D (sky130_fd_sc_hd__dfxtp_2)
                                  8.80   data arrival time

                  0.15   10.00   10.00   clock clk_i (rise edge)
                          0.00   10.00   clock network delay (ideal)
                         -0.25    9.75   clock uncertainty
                          0.00    9.75   clock reconvergence pessimism
                                  9.75 ^ _15242_/CLK (sky130_fd_sc_hd__dfxtp_2)
                         -0.08    9.67   library setup time
                                  9.67   data required time
-----------------------------------------------------------------------------
                                  9.67   data required time
                                 -8.80   data arrival time
-----------------------------------------------------------------------------
                                  0.87   slack (MET)


Startpoint: IMEM_data_i[18] (input port clocked by clk_i)
Endpoint: _15241_ (rising edge-triggered flip-flop clocked by clk_i)
Path Group: clk_i
Path Type: max

Fanout     Cap    Slew   Delay    Time   Description
-----------------------------------------------------------------------------
                  0.15    0.00    0.00   clock clk_i (rise edge)
                          0.00    0.00   clock network delay (ideal)
                          2.00    2.00 ^ input external delay
                  0.03    0.02    2.02 ^ IMEM_data_i[18] (in)
     2    0.00                           IMEM_data_i[18] (net)
                  0.03    0.00    2.02 ^ _07164_/D_N (sky130_fd_sc_hd__or4b_2)
                  0.15    0.68    2.69 v _07164_/X (sky130_fd_sc_hd__or4b_2)
     5    0.01                           _01573_ (net)
                  0.15    0.00    2.69 v _07172_/B1 (sky130_fd_sc_hd__a32o_2)
                  0.04    0.26    2.95 v _07172_/X (sky130_fd_sc_hd__a32o_2)
     1    0.00                           _01581_ (net)
                  0.04    0.00    2.95 v _07173_/C1 (sky130_fd_sc_hd__a211o_2)
                  0.04    0.26    3.21 v _07173_/X (sky130_fd_sc_hd__a211o_2)
     1    0.00                           _01582_ (net)
                  0.04    0.00    3.21 v _07175_/C (sky130_fd_sc_hd__or4_2)
                  0.11    0.64    3.85 v _07175_/X (sky130_fd_sc_hd__or4_2)
     1    0.00                           _01584_ (net)
                  0.11    0.00    3.85 v _07198_/A1 (sky130_fd_sc_hd__a21boi_2)
                  0.35    0.36    4.21 ^ _07198_/Y (sky130_fd_sc_hd__a21boi_2)
    13    0.03                           _01607_ (net)
                  0.35    0.00    4.21 ^ _07227_/A (sky130_fd_sc_hd__and2_2)
                  0.04    0.22    4.43 ^ _07227_/X (sky130_fd_sc_hd__and2_2)
     1    0.00                           _01633_ (net)
                  0.04    0.00    4.43 ^ _07228_/A (sky130_fd_sc_hd__buf_1)
                  0.62    0.50    4.93 ^ _07228_/X (sky130_fd_sc_hd__buf_1)
    15    0.05                           _01634_ (net)
                  0.62    0.00    4.93 ^ _07229_/A (sky130_fd_sc_hd__buf_1)
                  0.84    0.73    5.66 ^ _07229_/X (sky130_fd_sc_hd__buf_1)
    25    0.07                           _01635_ (net)
                  0.84    0.00    5.66 ^ _07821_/B (sky130_fd_sc_hd__or2_2)
                  0.09    0.28    5.94 ^ _07821_/X (sky130_fd_sc_hd__or2_2)
     3    0.01                           _02174_ (net)
                  0.09    0.00    5.94 ^ _07822_/B (sky130_fd_sc_hd__nand2_2)
                  0.07    0.09    6.03 v _07822_/Y (sky130_fd_sc_hd__nand2_2)
     2    0.01                           _02175_ (net)
                  0.07    0.00    6.03 v _07887_/B (sky130_fd_sc_hd__nor4_2)
                  0.28    0.32    6.35 ^ _07887_/Y (sky130_fd_sc_hd__nor4_2)
     2    0.01                           _02237_ (net)
                  0.28    0.00    6.35 ^ _07892_/A4 (sky130_fd_sc_hd__a41oi_2)
                  0.14    0.20    6.55 v _07892_/Y (sky130_fd_sc_hd__a41oi_2)
     4    0.01                           _02242_ (net)
                  0.14    0.00    6.55 v _07896_/A (sky130_fd_sc_hd__nor2_2)
                  0.09    0.16    6.71 ^ _07896_/Y (sky130_fd_sc_hd__nor2_2)
     3    0.01                           _02246_ (net)
                  0.09    0.00    6.71 ^ _08080_/A (sky130_fd_sc_hd__and4_2)
                  0.06    0.22    6.93 ^ _08080_/X (sky130_fd_sc_hd__and4_2)
     1    0.00                           _02422_ (net)
                  0.06    0.00    6.93 ^ _08083_/A1 (sky130_fd_sc_hd__a211oi_2)
                  0.07    0.07    7.00 v _08083_/Y (sky130_fd_sc_hd__a211oi_2)
     2    0.01                           _02425_ (net)
                  0.07    0.00    7.00 v _08085_/B (sky130_fd_sc_hd__or2_2)
                  0.09    0.34    7.34 v _08085_/X (sky130_fd_sc_hd__or2_2)
     5    0.01                           _02427_ (net)
                  0.09    0.00    7.34 v _08174_/A1 (sky130_fd_sc_hd__o41a_2)
                  0.09    0.55    7.90 v _08174_/X (sky130_fd_sc_hd__o41a_2)
     3    0.01                           _02512_ (net)
                  0.09    0.00    7.90 v _08176_/A2 (sky130_fd_sc_hd__o211a_2)
                  0.04    0.26    8.15 v _08176_/X (sky130_fd_sc_hd__o211a_2)
     1    0.00                           _02514_ (net)
                  0.04    0.00    8.15 v _08177_/B1 (sky130_fd_sc_hd__a211o_2)
                  0.05    0.31    8.46 v _08177_/X (sky130_fd_sc_hd__a211o_2)
     1    0.00                           _02515_ (net)
                  0.05    0.00    8.46 v _08179_/A3 (sky130_fd_sc_hd__a31o_2)
                  0.03    0.24    8.70 v _08179_/X (sky130_fd_sc_hd__a31o_2)
     1    0.00                           _00032_ (net)
                  0.03    0.00    8.70 v _15241_/D (sky130_fd_sc_hd__dfxtp_2)
                                  8.70   data arrival time

                  0.15   10.00   10.00   clock clk_i (rise edge)
                          0.00   10.00   clock network delay (ideal)
                         -0.25    9.75   clock uncertainty
                          0.00    9.75   clock reconvergence pessimism
                                  9.75 ^ _15241_/CLK (sky130_fd_sc_hd__dfxtp_2)
                         -0.08    9.67   library setup time
                                  9.67   data required time
-----------------------------------------------------------------------------
                                  9.67   data required time
                                 -8.70   data arrival time
-----------------------------------------------------------------------------
                                  0.97   slack (MET)


Startpoint: IMEM_data_i[18] (input port clocked by clk_i)
Endpoint: _15239_ (rising edge-triggered flip-flop clocked by clk_i)
Path Group: clk_i
Path Type: max

Fanout     Cap    Slew   Delay    Time   Description
-----------------------------------------------------------------------------
                  0.15    0.00    0.00   clock clk_i (rise edge)
                          0.00    0.00   clock network delay (ideal)
                          2.00    2.00 ^ input external delay
                  0.03    0.02    2.02 ^ IMEM_data_i[18] (in)
     2    0.00                           IMEM_data_i[18] (net)
                  0.03    0.00    2.02 ^ _07164_/D_N (sky130_fd_sc_hd__or4b_2)
                  0.15    0.68    2.69 v _07164_/X (sky130_fd_sc_hd__or4b_2)
     5    0.01                           _01573_ (net)
                  0.15    0.00    2.69 v _07172_/B1 (sky130_fd_sc_hd__a32o_2)
                  0.04    0.26    2.95 v _07172_/X (sky130_fd_sc_hd__a32o_2)
     1    0.00                           _01581_ (net)
                  0.04    0.00    2.95 v _07173_/C1 (sky130_fd_sc_hd__a211o_2)
                  0.04    0.26    3.21 v _07173_/X (sky130_fd_sc_hd__a211o_2)
     1    0.00                           _01582_ (net)
                  0.04    0.00    3.21 v _07175_/C (sky130_fd_sc_hd__or4_2)
                  0.11    0.64    3.85 v _07175_/X (sky130_fd_sc_hd__or4_2)
     1    0.00                           _01584_ (net)
                  0.11    0.00    3.85 v _07198_/A1 (sky130_fd_sc_hd__a21boi_2)
                  0.35    0.36    4.21 ^ _07198_/Y (sky130_fd_sc_hd__a21boi_2)
    13    0.03                           _01607_ (net)
                  0.35    0.00    4.21 ^ _07227_/A (sky130_fd_sc_hd__and2_2)
                  0.04    0.22    4.43 ^ _07227_/X (sky130_fd_sc_hd__and2_2)
     1    0.00                           _01633_ (net)
                  0.04    0.00    4.43 ^ _07228_/A (sky130_fd_sc_hd__buf_1)
                  0.62    0.50    4.93 ^ _07228_/X (sky130_fd_sc_hd__buf_1)
    15    0.05                           _01634_ (net)
                  0.62    0.00    4.93 ^ _07229_/A (sky130_fd_sc_hd__buf_1)
                  0.84    0.73    5.66 ^ _07229_/X (sky130_fd_sc_hd__buf_1)
    25    0.07                           _01635_ (net)
                  0.84    0.00    5.66 ^ _07821_/B (sky130_fd_sc_hd__or2_2)
                  0.09    0.28    5.94 ^ _07821_/X (sky130_fd_sc_hd__or2_2)
     3    0.01                           _02174_ (net)
                  0.09    0.00    5.94 ^ _07822_/B (sky130_fd_sc_hd__nand2_2)
                  0.07    0.09    6.03 v _07822_/Y (sky130_fd_sc_hd__nand2_2)
     2    0.01                           _02175_ (net)
                  0.07    0.00    6.03 v _07887_/B (sky130_fd_sc_hd__nor4_2)
                  0.28    0.32    6.35 ^ _07887_/Y (sky130_fd_sc_hd__nor4_2)
     2    0.01                           _02237_ (net)
                  0.28    0.00    6.35 ^ _07892_/A4 (sky130_fd_sc_hd__a41oi_2)
                  0.14    0.20    6.55 v _07892_/Y (sky130_fd_sc_hd__a41oi_2)
     4    0.01                           _02242_ (net)
                  0.14    0.00    6.55 v _07896_/A (sky130_fd_sc_hd__nor2_2)
                  0.09    0.16    6.71 ^ _07896_/Y (sky130_fd_sc_hd__nor2_2)
     3    0.01                           _02246_ (net)
                  0.09    0.00    6.71 ^ _08080_/A (sky130_fd_sc_hd__and4_2)
                  0.06    0.22    6.93 ^ _08080_/X (sky130_fd_sc_hd__and4_2)
     1    0.00                           _02422_ (net)
                  0.06    0.00    6.93 ^ _08083_/A1 (sky130_fd_sc_hd__a211oi_2)
                  0.07    0.07    7.00 v _08083_/Y (sky130_fd_sc_hd__a211oi_2)
     2    0.01                           _02425_ (net)
                  0.07    0.00    7.00 v _08085_/B (sky130_fd_sc_hd__or2_2)
                  0.09    0.34    7.34 v _08085_/X (sky130_fd_sc_hd__or2_2)
     5    0.01                           _02427_ (net)
                  0.09    0.00    7.34 v _08129_/A1 (sky130_fd_sc_hd__o21a_2)
                  0.04    0.24    7.58 v _08129_/X (sky130_fd_sc_hd__o21a_2)
     2    0.01                           _02469_ (net)
                  0.04    0.00    7.58 v _08131_/B (sky130_fd_sc_hd__or2_2)
                  0.07    0.31    7.89 v _08131_/X (sky130_fd_sc_hd__or2_2)
     3    0.01                           _02471_ (net)
                  0.07    0.00    7.89 v _08132_/B2 (sky130_fd_sc_hd__a221o_2)
                  0.05    0.37    8.27 v _08132_/X (sky130_fd_sc_hd__a221o_2)
     1    0.00                           _02472_ (net)
                  0.05    0.00    8.27 v _08134_/A3 (sky130_fd_sc_hd__a31o_2)
                  0.03    0.24    8.51 v _08134_/X (sky130_fd_sc_hd__a31o_2)
     1    0.00                           _00029_ (net)
                  0.03    0.00    8.51 v _15239_/D (sky130_fd_sc_hd__dfxtp_2)
                                  8.51   data arrival time

                  0.15   10.00   10.00   clock clk_i (rise edge)
                          0.00   10.00   clock network delay (ideal)
                         -0.25    9.75   clock uncertainty
                          0.00    9.75   clock reconvergence pessimism
                                  9.75 ^ _15239_/CLK (sky130_fd_sc_hd__dfxtp_2)
                         -0.08    9.67   library setup time
                                  9.67   data required time
-----------------------------------------------------------------------------
                                  9.67   data required time
                                 -8.51   data arrival time
-----------------------------------------------------------------------------
                                  1.16   slack (MET)


Startpoint: IMEM_data_i[18] (input port clocked by clk_i)
Endpoint: _15236_ (rising edge-triggered flip-flop clocked by clk_i)
Path Group: clk_i
Path Type: max

Fanout     Cap    Slew   Delay    Time   Description
-----------------------------------------------------------------------------
                  0.15    0.00    0.00   clock clk_i (rise edge)
                          0.00    0.00   clock network delay (ideal)
                          2.00    2.00 ^ input external delay
                  0.03    0.02    2.02 ^ IMEM_data_i[18] (in)
     2    0.00                           IMEM_data_i[18] (net)
                  0.03    0.00    2.02 ^ _07164_/D_N (sky130_fd_sc_hd__or4b_2)
                  0.15    0.68    2.69 v _07164_/X (sky130_fd_sc_hd__or4b_2)
     5    0.01                           _01573_ (net)
                  0.15    0.00    2.69 v _07172_/B1 (sky130_fd_sc_hd__a32o_2)
                  0.04    0.26    2.95 v _07172_/X (sky130_fd_sc_hd__a32o_2)
     1    0.00                           _01581_ (net)
                  0.04    0.00    2.95 v _07173_/C1 (sky130_fd_sc_hd__a211o_2)
                  0.04    0.26    3.21 v _07173_/X (sky130_fd_sc_hd__a211o_2)
     1    0.00                           _01582_ (net)
                  0.04    0.00    3.21 v _07175_/C (sky130_fd_sc_hd__or4_2)
                  0.11    0.64    3.85 v _07175_/X (sky130_fd_sc_hd__or4_2)
     1    0.00                           _01584_ (net)
                  0.11    0.00    3.85 v _07198_/A1 (sky130_fd_sc_hd__a21boi_2)
                  0.35    0.36    4.21 ^ _07198_/Y (sky130_fd_sc_hd__a21boi_2)
    13    0.03                           _01607_ (net)
                  0.35    0.00    4.21 ^ _07227_/A (sky130_fd_sc_hd__and2_2)
                  0.04    0.22    4.43 ^ _07227_/X (sky130_fd_sc_hd__and2_2)
     1    0.00                           _01633_ (net)
                  0.04    0.00    4.43 ^ _07228_/A (sky130_fd_sc_hd__buf_1)
                  0.62    0.50    4.93 ^ _07228_/X (sky130_fd_sc_hd__buf_1)
    15    0.05                           _01634_ (net)
                  0.62    0.00    4.93 ^ _07229_/A (sky130_fd_sc_hd__buf_1)
                  0.84    0.73    5.66 ^ _07229_/X (sky130_fd_sc_hd__buf_1)
    25    0.07                           _01635_ (net)
                  0.84    0.00    5.66 ^ _07821_/B (sky130_fd_sc_hd__or2_2)
                  0.09    0.28    5.94 ^ _07821_/X (sky130_fd_sc_hd__or2_2)
     3    0.01                           _02174_ (net)
                  0.09    0.00    5.94 ^ _07822_/B (sky130_fd_sc_hd__nand2_2)
                  0.07    0.09    6.03 v _07822_/Y (sky130_fd_sc_hd__nand2_2)
     2    0.01                           _02175_ (net)
                  0.07    0.00    6.03 v _07887_/B (sky130_fd_sc_hd__nor4_2)
                  0.28    0.32    6.35 ^ _07887_/Y (sky130_fd_sc_hd__nor4_2)
     2    0.01                           _02237_ (net)
                  0.28    0.00    6.35 ^ _07892_/A4 (sky130_fd_sc_hd__a41oi_2)
                  0.14    0.20    6.55 v _07892_/Y (sky130_fd_sc_hd__a41oi_2)
     4    0.01                           _02242_ (net)
                  0.14    0.00    6.55 v _07968_/A_N (sky130_fd_sc_hd__and4b_2)
                  0.06    0.33    6.88 ^ _07968_/X (sky130_fd_sc_hd__and4b_2)
     1    0.00                           _02314_ (net)
                  0.06    0.00    6.88 ^ _07970_/A2 (sky130_fd_sc_hd__a31oi_2)
                  0.10    0.11    6.99 v _07970_/Y (sky130_fd_sc_hd__a31oi_2)
     3    0.01                           _02316_ (net)
                  0.10    0.00    6.99 v _08020_/A2 (sky130_fd_sc_hd__o31a_2)
                  0.06    0.37    7.36 v _08020_/X (sky130_fd_sc_hd__o31a_2)
     2    0.01                           _02364_ (net)
                  0.06    0.00    7.36 v _08055_/A2 (sky130_fd_sc_hd__o21a_2)
                  0.05    0.22    7.58 v _08055_/X (sky130_fd_sc_hd__o21a_2)
     1    0.01                           _02398_ (net)
                  0.05    0.00    7.58 v _08056_/B (sky130_fd_sc_hd__xnor2_2)
                  0.12    0.13    7.71 ^ _08056_/Y (sky130_fd_sc_hd__xnor2_2)
     1    0.00                           _02399_ (net)
                  0.12    0.00    7.71 ^ _08057_/B (sky130_fd_sc_hd__nor2_2)
                  0.10    0.04    7.75 v _08057_/Y (sky130_fd_sc_hd__nor2_2)
     1    0.00                           _02400_ (net)
                  0.10    0.00    7.75 v _08058_/B1 (sky130_fd_sc_hd__a211o_2)
                  0.05    0.33    8.08 v _08058_/X (sky130_fd_sc_hd__a211o_2)
     1    0.00                           _02401_ (net)
                  0.05    0.00    8.08 v _08060_/A3 (sky130_fd_sc_hd__a31o_2)
                  0.03    0.24    8.32 v _08060_/X (sky130_fd_sc_hd__a31o_2)
     1    0.00                           _00026_ (net)
                  0.03    0.00    8.32 v _15236_/D (sky130_fd_sc_hd__dfxtp_2)
                                  8.32   data arrival time

                  0.15   10.00   10.00   clock clk_i (rise edge)
                          0.00   10.00   clock network delay (ideal)
                         -0.25    9.75   clock uncertainty
                          0.00    9.75   clock reconvergence pessimism
                                  9.75 ^ _15236_/CLK (sky130_fd_sc_hd__dfxtp_2)
                         -0.08    9.67   library setup time
                                  9.67   data required time
-----------------------------------------------------------------------------
                                  9.67   data required time
                                 -8.32   data arrival time
-----------------------------------------------------------------------------
                                  1.34   slack (MET)


