
===========================================================================
report_checks -path_delay max (Setup)
============================================================================
Startpoint: DMEM_rd_data_i[26] (input port clocked by clk_i)
Endpoint: _14757_ (rising edge-triggered flip-flop clocked by clk_i)
Path Group: clk_i
Path Type: max

Fanout     Cap    Slew   Delay    Time   Description
-----------------------------------------------------------------------------
                          0.00    0.00   clock clk_i (rise edge)
                          0.00    0.00   clock network delay (propagated)
                          2.00    2.00 v input external delay
                  0.01    0.01    2.01 v DMEM_rd_data_i[26] (in)
     1    0.00                           DMEM_rd_data_i[26] (net)
                  0.01    0.00    2.01 v input19/A (sky130_fd_sc_hd__buf_2)
                  0.08    0.16    2.17 v input19/X (sky130_fd_sc_hd__buf_2)
     2    0.03                           net19 (net)
                  0.08    0.01    2.18 v _07118_/A1 (sky130_fd_sc_hd__mux2_1)
                  0.07    0.34    2.52 v _07118_/X (sky130_fd_sc_hd__mux2_1)
     2    0.01                           _01708_ (net)
                  0.07    0.00    2.52 v _07120_/A0 (sky130_fd_sc_hd__mux2_1)
                  0.08    0.33    2.86 v _07120_/X (sky130_fd_sc_hd__mux2_1)
     1    0.01                           _01710_ (net)
                  0.08    0.00    2.86 v _07122_/A2 (sky130_fd_sc_hd__o221a_1)
                  0.08    0.30    3.16 v _07122_/X (sky130_fd_sc_hd__o221a_1)
     3    0.01                           _01712_ (net)
                  0.08    0.00    3.16 v _07863_/A (sky130_fd_sc_hd__or2_1)
                  0.05    0.25    3.41 v _07863_/X (sky130_fd_sc_hd__or2_1)
     1    0.00                           _02417_ (net)
                  0.05    0.00    3.41 v _07864_/A (sky130_fd_sc_hd__clkbuf_2)
                  0.10    0.18    3.59 v _07864_/X (sky130_fd_sc_hd__clkbuf_2)
     4    0.03                           _02418_ (net)
                  0.10    0.00    3.59 v _11456_/A1 (sky130_fd_sc_hd__a221oi_4)
                  0.80    0.78    4.37 ^ _11456_/Y (sky130_fd_sc_hd__a221oi_4)
    16    0.07                           _04993_ (net)
                  0.80    0.00    4.38 ^ _11939_/A (sky130_fd_sc_hd__and4_1)
                  0.08    0.33    4.71 ^ _11939_/X (sky130_fd_sc_hd__and4_1)
     1    0.00                           _05470_ (net)
                  0.08    0.00    4.71 ^ _11940_/A (sky130_fd_sc_hd__buf_4)
                  0.09    0.16    4.87 ^ _11940_/X (sky130_fd_sc_hd__buf_4)
     8    0.03                           _05471_ (net)
                  0.09    0.00    4.87 ^ _12379_/A (sky130_fd_sc_hd__and4_1)
                  0.11    0.23    5.10 ^ _12379_/X (sky130_fd_sc_hd__and4_1)
     1    0.01                           _05898_ (net)
                  0.11    0.00    5.10 ^ _12380_/A (sky130_fd_sc_hd__buf_6)
                  0.08    0.16    5.26 ^ _12380_/X (sky130_fd_sc_hd__buf_6)
    12    0.04                           _05899_ (net)
                  0.08    0.00    5.26 ^ _12383_/A (sky130_fd_sc_hd__nor2_1)
                  0.03    0.06    5.32 v _12383_/Y (sky130_fd_sc_hd__nor2_1)
     1    0.00                           _05902_ (net)
                  0.03    0.00    5.32 v _12387_/A (sky130_fd_sc_hd__or4_2)
                  0.15    0.77    6.09 v _12387_/X (sky130_fd_sc_hd__or4_2)
     5    0.02                           _05906_ (net)
                  0.15    0.00    6.09 v _12444_/A2 (sky130_fd_sc_hd__o21a_1)
                  0.04    0.22    6.31 v _12444_/X (sky130_fd_sc_hd__o21a_1)
     1    0.00                           _05961_ (net)
                  0.04    0.00    6.31 v _12445_/C1 (sky130_fd_sc_hd__a211o_1)
                  0.08    0.27    6.57 v _12445_/X (sky130_fd_sc_hd__a211o_1)
     2    0.01                           _05962_ (net)
                  0.08    0.00    6.57 v _12588_/B2 (sky130_fd_sc_hd__a221o_1)
                  0.06    0.35    6.92 v _12588_/X (sky130_fd_sc_hd__a221o_1)
     1    0.00                           _06101_ (net)
                  0.06    0.00    6.92 v _12589_/B1 (sky130_fd_sc_hd__a31o_2)
                  0.09    0.29    7.21 v _12589_/X (sky130_fd_sc_hd__a31o_2)
     7    0.03                           _06102_ (net)
                  0.09    0.00    7.22 v _12795_/A1 (sky130_fd_sc_hd__a21o_1)
                  0.09    0.24    7.45 v _12795_/X (sky130_fd_sc_hd__a21o_1)
     4    0.02                           _06302_ (net)
                  0.09    0.00    7.46 v _12827_/S (sky130_fd_sc_hd__mux2_1)
                  0.07    0.36    7.81 v _12827_/X (sky130_fd_sc_hd__mux2_1)
     2    0.01                           _06333_ (net)
                  0.07    0.00    7.82 v _12837_/C (sky130_fd_sc_hd__or4_1)
                  0.08    0.49    8.31 v _12837_/X (sky130_fd_sc_hd__or4_1)
     1    0.00                           _06343_ (net)
                  0.08    0.00    8.31 v _12850_/A3 (sky130_fd_sc_hd__a31o_1)
                  0.04    0.24    8.55 v _12850_/X (sky130_fd_sc_hd__a31o_1)
     1    0.00                           _01090_ (net)
                  0.04    0.00    8.55 v _14757_/D (sky130_fd_sc_hd__dfxtp_4)
                                  8.55   data arrival time

                         10.00   10.00   clock clk_i (rise edge)
                          0.00   10.00   clock source latency
                  0.17    0.11   10.11 ^ clk_i (in)
     1    0.04                           clk_i (net)
                  0.17    0.00   10.11 ^ clkbuf_0_clk_i/A (sky130_fd_sc_hd__clkbuf_16)
                  0.17    0.25   10.37 ^ clkbuf_0_clk_i/X (sky130_fd_sc_hd__clkbuf_16)
    16    0.16                           clknet_0_clk_i (net)
                  0.17    0.01   10.37 ^ clkbuf_4_10_0_clk_i/A (sky130_fd_sc_hd__clkbuf_8)
                  0.13    0.23   10.60 ^ clkbuf_4_10_0_clk_i/X (sky130_fd_sc_hd__clkbuf_8)
     7    0.07                           clknet_4_10_0_clk_i (net)
                  0.13    0.00   10.61 ^ clkbuf_leaf_125_clk_i/A (sky130_fd_sc_hd__clkbuf_16)
                  0.03    0.14   10.75 ^ clkbuf_leaf_125_clk_i/X (sky130_fd_sc_hd__clkbuf_16)
     3    0.01                           clknet_leaf_125_clk_i (net)
                  0.03    0.00   10.75 ^ _14757_/CLK (sky130_fd_sc_hd__dfxtp_4)
                         -0.25   10.50   clock uncertainty
                          0.00   10.50   clock reconvergence pessimism
                         -0.11   10.38   library setup time
                                 10.38   data required time
-----------------------------------------------------------------------------
                                 10.38   data required time
                                 -8.55   data arrival time
-----------------------------------------------------------------------------
                                  1.84   slack (MET)


Startpoint: DMEM_rd_data_i[26] (input port clocked by clk_i)
Endpoint: _14756_ (rising edge-triggered flip-flop clocked by clk_i)
Path Group: clk_i
Path Type: max

Fanout     Cap    Slew   Delay    Time   Description
-----------------------------------------------------------------------------
                          0.00    0.00   clock clk_i (rise edge)
                          0.00    0.00   clock network delay (propagated)
                          2.00    2.00 v input external delay
                  0.01    0.01    2.01 v DMEM_rd_data_i[26] (in)
     1    0.00                           DMEM_rd_data_i[26] (net)
                  0.01    0.00    2.01 v input19/A (sky130_fd_sc_hd__buf_2)
                  0.08    0.16    2.17 v input19/X (sky130_fd_sc_hd__buf_2)
     2    0.03                           net19 (net)
                  0.08    0.01    2.18 v _07118_/A1 (sky130_fd_sc_hd__mux2_1)
                  0.07    0.34    2.52 v _07118_/X (sky130_fd_sc_hd__mux2_1)
     2    0.01                           _01708_ (net)
                  0.07    0.00    2.52 v _07120_/A0 (sky130_fd_sc_hd__mux2_1)
                  0.08    0.33    2.86 v _07120_/X (sky130_fd_sc_hd__mux2_1)
     1    0.01                           _01710_ (net)
                  0.08    0.00    2.86 v _07122_/A2 (sky130_fd_sc_hd__o221a_1)
                  0.08    0.30    3.16 v _07122_/X (sky130_fd_sc_hd__o221a_1)
     3    0.01                           _01712_ (net)
                  0.08    0.00    3.16 v _07863_/A (sky130_fd_sc_hd__or2_1)
                  0.05    0.25    3.41 v _07863_/X (sky130_fd_sc_hd__or2_1)
     1    0.00                           _02417_ (net)
                  0.05    0.00    3.41 v _07864_/A (sky130_fd_sc_hd__clkbuf_2)
                  0.10    0.18    3.59 v _07864_/X (sky130_fd_sc_hd__clkbuf_2)
     4    0.03                           _02418_ (net)
                  0.10    0.00    3.59 v _11456_/A1 (sky130_fd_sc_hd__a221oi_4)
                  0.80    0.78    4.37 ^ _11456_/Y (sky130_fd_sc_hd__a221oi_4)
    16    0.07                           _04993_ (net)
                  0.80    0.00    4.38 ^ _11939_/A (sky130_fd_sc_hd__and4_1)
                  0.08    0.33    4.71 ^ _11939_/X (sky130_fd_sc_hd__and4_1)
     1    0.00                           _05470_ (net)
                  0.08    0.00    4.71 ^ _11940_/A (sky130_fd_sc_hd__buf_4)
                  0.09    0.16    4.87 ^ _11940_/X (sky130_fd_sc_hd__buf_4)
     8    0.03                           _05471_ (net)
                  0.09    0.00    4.87 ^ _12379_/A (sky130_fd_sc_hd__and4_1)
                  0.11    0.23    5.10 ^ _12379_/X (sky130_fd_sc_hd__and4_1)
     1    0.01                           _05898_ (net)
                  0.11    0.00    5.10 ^ _12380_/A (sky130_fd_sc_hd__buf_6)
                  0.08    0.16    5.26 ^ _12380_/X (sky130_fd_sc_hd__buf_6)
    12    0.04                           _05899_ (net)
                  0.08    0.00    5.26 ^ _12383_/A (sky130_fd_sc_hd__nor2_1)
                  0.03    0.06    5.32 v _12383_/Y (sky130_fd_sc_hd__nor2_1)
     1    0.00                           _05902_ (net)
                  0.03    0.00    5.32 v _12387_/A (sky130_fd_sc_hd__or4_2)
                  0.15    0.77    6.09 v _12387_/X (sky130_fd_sc_hd__or4_2)
     5    0.02                           _05906_ (net)
                  0.15    0.00    6.09 v _12444_/A2 (sky130_fd_sc_hd__o21a_1)
                  0.04    0.22    6.31 v _12444_/X (sky130_fd_sc_hd__o21a_1)
     1    0.00                           _05961_ (net)
                  0.04    0.00    6.31 v _12445_/C1 (sky130_fd_sc_hd__a211o_1)
                  0.08    0.27    6.57 v _12445_/X (sky130_fd_sc_hd__a211o_1)
     2    0.01                           _05962_ (net)
                  0.08    0.00    6.57 v _12588_/B2 (sky130_fd_sc_hd__a221o_1)
                  0.06    0.35    6.92 v _12588_/X (sky130_fd_sc_hd__a221o_1)
     1    0.00                           _06101_ (net)
                  0.06    0.00    6.92 v _12589_/B1 (sky130_fd_sc_hd__a31o_2)
                  0.09    0.29    7.21 v _12589_/X (sky130_fd_sc_hd__a31o_2)
     7    0.03                           _06102_ (net)
                  0.09    0.00    7.22 v _12795_/A1 (sky130_fd_sc_hd__a21o_1)
                  0.09    0.24    7.45 v _12795_/X (sky130_fd_sc_hd__a21o_1)
     4    0.02                           _06302_ (net)
                  0.09    0.00    7.46 v _12807_/A (sky130_fd_sc_hd__or2_1)
                  0.05    0.26    7.71 v _12807_/X (sky130_fd_sc_hd__or2_1)
     1    0.00                           _06314_ (net)
                  0.05    0.00    7.71 v _12818_/A3 (sky130_fd_sc_hd__a31o_1)
                  0.04    0.23    7.94 v _12818_/X (sky130_fd_sc_hd__a31o_1)
     1    0.00                           _06325_ (net)
                  0.04    0.00    7.94 v _12819_/B (sky130_fd_sc_hd__and2_1)
                  0.03    0.15    8.09 v _12819_/X (sky130_fd_sc_hd__and2_1)
     1    0.00                           _06326_ (net)
                  0.03    0.00    8.09 v _12820_/A (sky130_fd_sc_hd__clkbuf_1)
                  0.03    0.09    8.18 v _12820_/X (sky130_fd_sc_hd__clkbuf_1)
     1    0.00                           _01089_ (net)
                  0.03    0.00    8.18 v _14756_/D (sky130_fd_sc_hd__dfxtp_4)
                                  8.18   data arrival time

                         10.00   10.00   clock clk_i (rise edge)
                          0.00   10.00   clock source latency
                  0.17    0.11   10.11 ^ clk_i (in)
     1    0.04                           clk_i (net)
                  0.17    0.00   10.11 ^ clkbuf_0_clk_i/A (sky130_fd_sc_hd__clkbuf_16)
                  0.17    0.25   10.37 ^ clkbuf_0_clk_i/X (sky130_fd_sc_hd__clkbuf_16)
    16    0.16                           clknet_0_clk_i (net)
                  0.17    0.01   10.37 ^ clkbuf_4_10_0_clk_i/A (sky130_fd_sc_hd__clkbuf_8)
                  0.13    0.23   10.60 ^ clkbuf_4_10_0_clk_i/X (sky130_fd_sc_hd__clkbuf_8)
     7    0.07                           clknet_4_10_0_clk_i (net)
                  0.13    0.00   10.61 ^ clkbuf_leaf_125_clk_i/A (sky130_fd_sc_hd__clkbuf_16)
                  0.03    0.14   10.75 ^ clkbuf_leaf_125_clk_i/X (sky130_fd_sc_hd__clkbuf_16)
     3    0.01                           clknet_leaf_125_clk_i (net)
                  0.03    0.00   10.75 ^ _14756_/CLK (sky130_fd_sc_hd__dfxtp_4)
                         -0.25   10.50   clock uncertainty
                          0.00   10.50   clock reconvergence pessimism
                         -0.11   10.39   library setup time
                                 10.39   data required time
-----------------------------------------------------------------------------
                                 10.39   data required time
                                 -8.18   data arrival time
-----------------------------------------------------------------------------
                                  2.21   slack (MET)


Startpoint: DMEM_rd_data_i[26] (input port clocked by clk_i)
Endpoint: _14755_ (rising edge-triggered flip-flop clocked by clk_i)
Path Group: clk_i
Path Type: max

Fanout     Cap    Slew   Delay    Time   Description
-----------------------------------------------------------------------------
                          0.00    0.00   clock clk_i (rise edge)
                          0.00    0.00   clock network delay (propagated)
                          2.00    2.00 v input external delay
                  0.01    0.01    2.01 v DMEM_rd_data_i[26] (in)
     1    0.00                           DMEM_rd_data_i[26] (net)
                  0.01    0.00    2.01 v input19/A (sky130_fd_sc_hd__buf_2)
                  0.08    0.16    2.17 v input19/X (sky130_fd_sc_hd__buf_2)
     2    0.03                           net19 (net)
                  0.08    0.01    2.18 v _07118_/A1 (sky130_fd_sc_hd__mux2_1)
                  0.07    0.34    2.52 v _07118_/X (sky130_fd_sc_hd__mux2_1)
     2    0.01                           _01708_ (net)
                  0.07    0.00    2.52 v _07120_/A0 (sky130_fd_sc_hd__mux2_1)
                  0.08    0.33    2.86 v _07120_/X (sky130_fd_sc_hd__mux2_1)
     1    0.01                           _01710_ (net)
                  0.08    0.00    2.86 v _07122_/A2 (sky130_fd_sc_hd__o221a_1)
                  0.08    0.30    3.16 v _07122_/X (sky130_fd_sc_hd__o221a_1)
     3    0.01                           _01712_ (net)
                  0.08    0.00    3.16 v _07863_/A (sky130_fd_sc_hd__or2_1)
                  0.05    0.25    3.41 v _07863_/X (sky130_fd_sc_hd__or2_1)
     1    0.00                           _02417_ (net)
                  0.05    0.00    3.41 v _07864_/A (sky130_fd_sc_hd__clkbuf_2)
                  0.10    0.18    3.59 v _07864_/X (sky130_fd_sc_hd__clkbuf_2)
     4    0.03                           _02418_ (net)
                  0.10    0.00    3.59 v _11456_/A1 (sky130_fd_sc_hd__a221oi_4)
                  0.80    0.78    4.37 ^ _11456_/Y (sky130_fd_sc_hd__a221oi_4)
    16    0.07                           _04993_ (net)
                  0.80    0.00    4.38 ^ _11939_/A (sky130_fd_sc_hd__and4_1)
                  0.08    0.33    4.71 ^ _11939_/X (sky130_fd_sc_hd__and4_1)
     1    0.00                           _05470_ (net)
                  0.08    0.00    4.71 ^ _11940_/A (sky130_fd_sc_hd__buf_4)
                  0.09    0.16    4.87 ^ _11940_/X (sky130_fd_sc_hd__buf_4)
     8    0.03                           _05471_ (net)
                  0.09    0.00    4.87 ^ _12379_/A (sky130_fd_sc_hd__and4_1)
                  0.11    0.23    5.10 ^ _12379_/X (sky130_fd_sc_hd__and4_1)
     1    0.01                           _05898_ (net)
                  0.11    0.00    5.10 ^ _12380_/A (sky130_fd_sc_hd__buf_6)
                  0.08    0.16    5.26 ^ _12380_/X (sky130_fd_sc_hd__buf_6)
    12    0.04                           _05899_ (net)
                  0.08    0.00    5.26 ^ _12383_/A (sky130_fd_sc_hd__nor2_1)
                  0.03    0.06    5.32 v _12383_/Y (sky130_fd_sc_hd__nor2_1)
     1    0.00                           _05902_ (net)
                  0.03    0.00    5.32 v _12387_/A (sky130_fd_sc_hd__or4_2)
                  0.15    0.77    6.09 v _12387_/X (sky130_fd_sc_hd__or4_2)
     5    0.02                           _05906_ (net)
                  0.15    0.00    6.09 v _12444_/A2 (sky130_fd_sc_hd__o21a_1)
                  0.04    0.22    6.31 v _12444_/X (sky130_fd_sc_hd__o21a_1)
     1    0.00                           _05961_ (net)
                  0.04    0.00    6.31 v _12445_/C1 (sky130_fd_sc_hd__a211o_1)
                  0.08    0.27    6.57 v _12445_/X (sky130_fd_sc_hd__a211o_1)
     2    0.01                           _05962_ (net)
                  0.08    0.00    6.57 v _12588_/B2 (sky130_fd_sc_hd__a221o_1)
                  0.06    0.35    6.92 v _12588_/X (sky130_fd_sc_hd__a221o_1)
     1    0.00                           _06101_ (net)
                  0.06    0.00    6.92 v _12589_/B1 (sky130_fd_sc_hd__a31o_2)
                  0.09    0.29    7.21 v _12589_/X (sky130_fd_sc_hd__a31o_2)
     7    0.03                           _06102_ (net)
                  0.09    0.00    7.22 v _12738_/A1 (sky130_fd_sc_hd__a31o_1)
                  0.06    0.23    7.44 v _12738_/X (sky130_fd_sc_hd__a31o_1)
     2    0.01                           _06247_ (net)
                  0.06    0.00    7.44 v _12771_/A1 (sky130_fd_sc_hd__a211o_1)
                  0.05    0.27    7.71 v _12771_/X (sky130_fd_sc_hd__a211o_1)
     1    0.00                           _06279_ (net)
                  0.05    0.00    7.71 v _12774_/A2 (sky130_fd_sc_hd__a21oi_1)
                  0.14    0.17    7.88 ^ _12774_/Y (sky130_fd_sc_hd__a21oi_1)
     1    0.00                           _06282_ (net)
                  0.14    0.00    7.88 ^ _12785_/A1 (sky130_fd_sc_hd__o41a_1)
                  0.05    0.17    8.05 ^ _12785_/X (sky130_fd_sc_hd__o41a_1)
     1    0.00                           _01088_ (net)
                  0.05    0.00    8.05 ^ _14755_/D (sky130_fd_sc_hd__dfxtp_4)
                                  8.05   data arrival time

                         10.00   10.00   clock clk_i (rise edge)
                          0.00   10.00   clock source latency
                  0.17    0.11   10.11 ^ clk_i (in)
     1    0.04                           clk_i (net)
                  0.17    0.00   10.11 ^ clkbuf_0_clk_i/A (sky130_fd_sc_hd__clkbuf_16)
                  0.17    0.25   10.37 ^ clkbuf_0_clk_i/X (sky130_fd_sc_hd__clkbuf_16)
    16    0.16                           clknet_0_clk_i (net)
                  0.17    0.01   10.37 ^ clkbuf_4_10_0_clk_i/A (sky130_fd_sc_hd__clkbuf_8)
                  0.13    0.23   10.60 ^ clkbuf_4_10_0_clk_i/X (sky130_fd_sc_hd__clkbuf_8)
     7    0.07                           clknet_4_10_0_clk_i (net)
                  0.13    0.00   10.61 ^ clkbuf_leaf_126_clk_i/A (sky130_fd_sc_hd__clkbuf_16)
                  0.03    0.14   10.74 ^ clkbuf_leaf_126_clk_i/X (sky130_fd_sc_hd__clkbuf_16)
     2    0.01                           clknet_leaf_126_clk_i (net)
                  0.03    0.00   10.74 ^ _14755_/CLK (sky130_fd_sc_hd__dfxtp_4)
                         -0.25   10.49   clock uncertainty
                          0.00   10.49   clock reconvergence pessimism
                         -0.06   10.43   library setup time
                                 10.43   data required time
-----------------------------------------------------------------------------
                                 10.43   data required time
                                 -8.05   data arrival time
-----------------------------------------------------------------------------
                                  2.38   slack (MET)


Startpoint: DMEM_rd_data_i[26] (input port clocked by clk_i)
Endpoint: _14751_ (rising edge-triggered flip-flop clocked by clk_i)
Path Group: clk_i
Path Type: max

Fanout     Cap    Slew   Delay    Time   Description
-----------------------------------------------------------------------------
                          0.00    0.00   clock clk_i (rise edge)
                          0.00    0.00   clock network delay (propagated)
                          2.00    2.00 v input external delay
                  0.01    0.01    2.01 v DMEM_rd_data_i[26] (in)
     1    0.00                           DMEM_rd_data_i[26] (net)
                  0.01    0.00    2.01 v input19/A (sky130_fd_sc_hd__buf_2)
                  0.08    0.16    2.17 v input19/X (sky130_fd_sc_hd__buf_2)
     2    0.03                           net19 (net)
                  0.08    0.01    2.18 v _07118_/A1 (sky130_fd_sc_hd__mux2_1)
                  0.07    0.34    2.52 v _07118_/X (sky130_fd_sc_hd__mux2_1)
     2    0.01                           _01708_ (net)
                  0.07    0.00    2.52 v _07120_/A0 (sky130_fd_sc_hd__mux2_1)
                  0.08    0.33    2.86 v _07120_/X (sky130_fd_sc_hd__mux2_1)
     1    0.01                           _01710_ (net)
                  0.08    0.00    2.86 v _07122_/A2 (sky130_fd_sc_hd__o221a_1)
                  0.08    0.30    3.16 v _07122_/X (sky130_fd_sc_hd__o221a_1)
     3    0.01                           _01712_ (net)
                  0.08    0.00    3.16 v _07863_/A (sky130_fd_sc_hd__or2_1)
                  0.05    0.25    3.41 v _07863_/X (sky130_fd_sc_hd__or2_1)
     1    0.00                           _02417_ (net)
                  0.05    0.00    3.41 v _07864_/A (sky130_fd_sc_hd__clkbuf_2)
                  0.10    0.18    3.59 v _07864_/X (sky130_fd_sc_hd__clkbuf_2)
     4    0.03                           _02418_ (net)
                  0.10    0.00    3.59 v _11456_/A1 (sky130_fd_sc_hd__a221oi_4)
                  0.80    0.78    4.37 ^ _11456_/Y (sky130_fd_sc_hd__a221oi_4)
    16    0.07                           _04993_ (net)
                  0.80    0.00    4.38 ^ _11939_/A (sky130_fd_sc_hd__and4_1)
                  0.08    0.33    4.71 ^ _11939_/X (sky130_fd_sc_hd__and4_1)
     1    0.00                           _05470_ (net)
                  0.08    0.00    4.71 ^ _11940_/A (sky130_fd_sc_hd__buf_4)
                  0.09    0.16    4.87 ^ _11940_/X (sky130_fd_sc_hd__buf_4)
     8    0.03                           _05471_ (net)
                  0.09    0.00    4.87 ^ _12379_/A (sky130_fd_sc_hd__and4_1)
                  0.11    0.23    5.10 ^ _12379_/X (sky130_fd_sc_hd__and4_1)
     1    0.01                           _05898_ (net)
                  0.11    0.00    5.10 ^ _12380_/A (sky130_fd_sc_hd__buf_6)
                  0.08    0.16    5.26 ^ _12380_/X (sky130_fd_sc_hd__buf_6)
    12    0.04                           _05899_ (net)
                  0.08    0.00    5.26 ^ _12383_/A (sky130_fd_sc_hd__nor2_1)
                  0.03    0.06    5.32 v _12383_/Y (sky130_fd_sc_hd__nor2_1)
     1    0.00                           _05902_ (net)
                  0.03    0.00    5.32 v _12387_/A (sky130_fd_sc_hd__or4_2)
                  0.15    0.77    6.09 v _12387_/X (sky130_fd_sc_hd__or4_2)
     5    0.02                           _05906_ (net)
                  0.15    0.00    6.09 v _12444_/A2 (sky130_fd_sc_hd__o21a_1)
                  0.04    0.22    6.31 v _12444_/X (sky130_fd_sc_hd__o21a_1)
     1    0.00                           _05961_ (net)
                  0.04    0.00    6.31 v _12445_/C1 (sky130_fd_sc_hd__a211o_1)
                  0.08    0.27    6.57 v _12445_/X (sky130_fd_sc_hd__a211o_1)
     2    0.01                           _05962_ (net)
                  0.08    0.00    6.57 v _12588_/B2 (sky130_fd_sc_hd__a221o_1)
                  0.06    0.35    6.92 v _12588_/X (sky130_fd_sc_hd__a221o_1)
     1    0.00                           _06101_ (net)
                  0.06    0.00    6.92 v _12589_/B1 (sky130_fd_sc_hd__a31o_2)
                  0.09    0.29    7.21 v _12589_/X (sky130_fd_sc_hd__a31o_2)
     7    0.03                           _06102_ (net)
                  0.09    0.00    7.22 v _12624_/A1 (sky130_fd_sc_hd__a22o_1)
                  0.04    0.23    7.44 v _12624_/X (sky130_fd_sc_hd__a22o_1)
     1    0.00                           _06136_ (net)
                  0.04    0.00    7.44 v _12627_/B (sky130_fd_sc_hd__and3_1)
                  0.05    0.18    7.62 v _12627_/X (sky130_fd_sc_hd__and3_1)
     1    0.01                           _06139_ (net)
                  0.05    0.00    7.62 v _12628_/B (sky130_fd_sc_hd__xnor2_1)
                  0.06    0.13    7.75 v _12628_/Y (sky130_fd_sc_hd__xnor2_1)
     1    0.00                           _06140_ (net)
                  0.06    0.00    7.75 v _12642_/A2 (sky130_fd_sc_hd__a22o_1)
                  0.04    0.24    7.99 v _12642_/X (sky130_fd_sc_hd__a22o_1)
     1    0.00                           _01084_ (net)
                  0.04    0.00    7.99 v _14751_/D (sky130_fd_sc_hd__dfxtp_4)
                                  7.99   data arrival time

                         10.00   10.00   clock clk_i (rise edge)
                          0.00   10.00   clock source latency
                  0.17    0.11   10.11 ^ clk_i (in)
     1    0.04                           clk_i (net)
                  0.17    0.00   10.11 ^ clkbuf_0_clk_i/A (sky130_fd_sc_hd__clkbuf_16)
                  0.17    0.25   10.37 ^ clkbuf_0_clk_i/X (sky130_fd_sc_hd__clkbuf_16)
    16    0.16                           clknet_0_clk_i (net)
                  0.17    0.01   10.37 ^ clkbuf_4_10_0_clk_i/A (sky130_fd_sc_hd__clkbuf_8)
                  0.13    0.23   10.60 ^ clkbuf_4_10_0_clk_i/X (sky130_fd_sc_hd__clkbuf_8)
     7    0.07                           clknet_4_10_0_clk_i (net)
                  0.13    0.00   10.61 ^ clkbuf_leaf_127_clk_i/A (sky130_fd_sc_hd__clkbuf_16)
                  0.03    0.14   10.74 ^ clkbuf_leaf_127_clk_i/X (sky130_fd_sc_hd__clkbuf_16)
     2    0.01                           clknet_leaf_127_clk_i (net)
                  0.03    0.00   10.74 ^ _14751_/CLK (sky130_fd_sc_hd__dfxtp_4)
                         -0.25   10.49   clock uncertainty
                          0.00   10.49   clock reconvergence pessimism
                         -0.11   10.38   library setup time
                                 10.38   data required time
-----------------------------------------------------------------------------
                                 10.38   data required time
                                 -7.99   data arrival time
-----------------------------------------------------------------------------
                                  2.39   slack (MET)


Startpoint: DMEM_rd_data_i[26] (input port clocked by clk_i)
Endpoint: _14750_ (rising edge-triggered flip-flop clocked by clk_i)
Path Group: clk_i
Path Type: max

Fanout     Cap    Slew   Delay    Time   Description
-----------------------------------------------------------------------------
                          0.00    0.00   clock clk_i (rise edge)
                          0.00    0.00   clock network delay (propagated)
                          2.00    2.00 v input external delay
                  0.01    0.01    2.01 v DMEM_rd_data_i[26] (in)
     1    0.00                           DMEM_rd_data_i[26] (net)
                  0.01    0.00    2.01 v input19/A (sky130_fd_sc_hd__buf_2)
                  0.08    0.16    2.17 v input19/X (sky130_fd_sc_hd__buf_2)
     2    0.03                           net19 (net)
                  0.08    0.01    2.18 v _07118_/A1 (sky130_fd_sc_hd__mux2_1)
                  0.07    0.34    2.52 v _07118_/X (sky130_fd_sc_hd__mux2_1)
     2    0.01                           _01708_ (net)
                  0.07    0.00    2.52 v _07120_/A0 (sky130_fd_sc_hd__mux2_1)
                  0.08    0.33    2.86 v _07120_/X (sky130_fd_sc_hd__mux2_1)
     1    0.01                           _01710_ (net)
                  0.08    0.00    2.86 v _07122_/A2 (sky130_fd_sc_hd__o221a_1)
                  0.08    0.30    3.16 v _07122_/X (sky130_fd_sc_hd__o221a_1)
     3    0.01                           _01712_ (net)
                  0.08    0.00    3.16 v _07863_/A (sky130_fd_sc_hd__or2_1)
                  0.05    0.25    3.41 v _07863_/X (sky130_fd_sc_hd__or2_1)
     1    0.00                           _02417_ (net)
                  0.05    0.00    3.41 v _07864_/A (sky130_fd_sc_hd__clkbuf_2)
                  0.10    0.18    3.59 v _07864_/X (sky130_fd_sc_hd__clkbuf_2)
     4    0.03                           _02418_ (net)
                  0.10    0.00    3.59 v _11456_/A1 (sky130_fd_sc_hd__a221oi_4)
                  0.80    0.78    4.37 ^ _11456_/Y (sky130_fd_sc_hd__a221oi_4)
    16    0.07                           _04993_ (net)
                  0.80    0.00    4.38 ^ _11939_/A (sky130_fd_sc_hd__and4_1)
                  0.08    0.33    4.71 ^ _11939_/X (sky130_fd_sc_hd__and4_1)
     1    0.00                           _05470_ (net)
                  0.08    0.00    4.71 ^ _11940_/A (sky130_fd_sc_hd__buf_4)
                  0.09    0.16    4.87 ^ _11940_/X (sky130_fd_sc_hd__buf_4)
     8    0.03                           _05471_ (net)
                  0.09    0.00    4.87 ^ _12379_/A (sky130_fd_sc_hd__and4_1)
                  0.11    0.23    5.10 ^ _12379_/X (sky130_fd_sc_hd__and4_1)
     1    0.01                           _05898_ (net)
                  0.11    0.00    5.10 ^ _12380_/A (sky130_fd_sc_hd__buf_6)
                  0.08    0.16    5.26 ^ _12380_/X (sky130_fd_sc_hd__buf_6)
    12    0.04                           _05899_ (net)
                  0.08    0.00    5.26 ^ _12383_/A (sky130_fd_sc_hd__nor2_1)
                  0.03    0.06    5.32 v _12383_/Y (sky130_fd_sc_hd__nor2_1)
     1    0.00                           _05902_ (net)
                  0.03    0.00    5.32 v _12387_/A (sky130_fd_sc_hd__or4_2)
                  0.15    0.77    6.09 v _12387_/X (sky130_fd_sc_hd__or4_2)
     5    0.02                           _05906_ (net)
                  0.15    0.00    6.09 v _12444_/A2 (sky130_fd_sc_hd__o21a_1)
                  0.04    0.22    6.31 v _12444_/X (sky130_fd_sc_hd__o21a_1)
     1    0.00                           _05961_ (net)
                  0.04    0.00    6.31 v _12445_/C1 (sky130_fd_sc_hd__a211o_1)
                  0.08    0.27    6.57 v _12445_/X (sky130_fd_sc_hd__a211o_1)
     2    0.01                           _05962_ (net)
                  0.08    0.00    6.57 v _12588_/B2 (sky130_fd_sc_hd__a221o_1)
                  0.06    0.35    6.92 v _12588_/X (sky130_fd_sc_hd__a221o_1)
     1    0.00                           _06101_ (net)
                  0.06    0.00    6.92 v _12589_/B1 (sky130_fd_sc_hd__a31o_2)
                  0.09    0.29    7.21 v _12589_/X (sky130_fd_sc_hd__a31o_2)
     7    0.03                           _06102_ (net)
                  0.09    0.00    7.21 v _12603_/A (sky130_fd_sc_hd__xnor2_1)
                  0.06    0.15    7.36 v _12603_/Y (sky130_fd_sc_hd__xnor2_1)
     1    0.00                           _06116_ (net)
                  0.06    0.00    7.36 v _12612_/A2 (sky130_fd_sc_hd__a221o_1)
                  0.05    0.36    7.72 v _12612_/X (sky130_fd_sc_hd__a221o_1)
     1    0.00                           _06125_ (net)
                  0.05    0.00    7.72 v _12613_/B (sky130_fd_sc_hd__and2_1)
                  0.04    0.16    7.88 v _12613_/X (sky130_fd_sc_hd__and2_1)
     1    0.00                           _06126_ (net)
                  0.04    0.00    7.88 v _12614_/A (sky130_fd_sc_hd__clkbuf_1)
                  0.03    0.09    7.97 v _12614_/X (sky130_fd_sc_hd__clkbuf_1)
     1    0.00                           _01083_ (net)
                  0.03    0.00    7.97 v _14750_/D (sky130_fd_sc_hd__dfxtp_4)
                                  7.97   data arrival time

                         10.00   10.00   clock clk_i (rise edge)
                          0.00   10.00   clock source latency
                  0.17    0.11   10.11 ^ clk_i (in)
     1    0.04                           clk_i (net)
                  0.17    0.00   10.11 ^ clkbuf_0_clk_i/A (sky130_fd_sc_hd__clkbuf_16)
                  0.17    0.25   10.37 ^ clkbuf_0_clk_i/X (sky130_fd_sc_hd__clkbuf_16)
    16    0.16                           clknet_0_clk_i (net)
                  0.17    0.01   10.37 ^ clkbuf_4_10_0_clk_i/A (sky130_fd_sc_hd__clkbuf_8)
                  0.13    0.23   10.60 ^ clkbuf_4_10_0_clk_i/X (sky130_fd_sc_hd__clkbuf_8)
     7    0.07                           clknet_4_10_0_clk_i (net)
                  0.13    0.00   10.60 ^ clkbuf_leaf_128_clk_i/A (sky130_fd_sc_hd__clkbuf_16)
                  0.04    0.15   10.75 ^ clkbuf_leaf_128_clk_i/X (sky130_fd_sc_hd__clkbuf_16)
     6    0.02                           clknet_leaf_128_clk_i (net)
                  0.04    0.00   10.75 ^ _14750_/CLK (sky130_fd_sc_hd__dfxtp_4)
                         -0.25   10.50   clock uncertainty
                          0.00   10.50   clock reconvergence pessimism
                         -0.11   10.40   library setup time
                                 10.40   data required time
-----------------------------------------------------------------------------
                                 10.40   data required time
                                 -7.97   data arrival time
-----------------------------------------------------------------------------
                                  2.43   slack (MET)


