
===========================================================================
report_checks -path_delay min (Hold)
============================================================================
Startpoint: _13883_ (rising edge-triggered flip-flop clocked by clk_i)
Endpoint: _13883_ (rising edge-triggered flip-flop clocked by clk_i)
Path Group: clk_i
Path Type: min

Fanout     Cap    Slew   Delay    Time   Description
-----------------------------------------------------------------------------
                          0.00    0.00   clock clk_i (rise edge)
                          0.00    0.00   clock source latency
                  0.33    0.22    0.22 ^ clk_i (in)
     1    0.07                           clk_i (net)
                  0.33    0.00    0.22 ^ clkbuf_0_clk_i/A (sky130_fd_sc_hd__clkbuf_16)
                  0.28    0.36    0.57 ^ clkbuf_0_clk_i/X (sky130_fd_sc_hd__clkbuf_16)
    16    0.27                           clknet_0_clk_i (net)
                  0.28    0.02    0.59 ^ clkbuf_4_2_0_clk_i/A (sky130_fd_sc_hd__clkbuf_8)
                  0.29    0.36    0.95 ^ clkbuf_4_2_0_clk_i/X (sky130_fd_sc_hd__clkbuf_8)
    13    0.17                           clknet_4_2_0_clk_i (net)
                  0.29    0.01    0.96 ^ clkbuf_leaf_154_clk_i/A (sky130_fd_sc_hd__clkbuf_16)
                  0.06    0.20    1.16 ^ clkbuf_leaf_154_clk_i/X (sky130_fd_sc_hd__clkbuf_16)
    10    0.03                           clknet_leaf_154_clk_i (net)
                  0.06    0.00    1.17 ^ _13883_/CLK (sky130_fd_sc_hd__dfxtp_1)
                  0.07    0.31    1.48 ^ _13883_/Q (sky130_fd_sc_hd__dfxtp_1)
     2    0.01                           ex_stage_i.EX_pc_dest_o[13] (net)
                  0.07    0.00    1.48 ^ _08380_/B2 (sky130_fd_sc_hd__a32o_1)
                  0.05    0.11    1.59 ^ _08380_/X (sky130_fd_sc_hd__a32o_1)
     1    0.00                           _00246_ (net)
                  0.05    0.00    1.59 ^ _13883_/D (sky130_fd_sc_hd__dfxtp_1)
                                  1.59   data arrival time

                          0.00    0.00   clock clk_i (rise edge)
                          0.00    0.00   clock source latency
                  0.33    0.24    0.24 ^ clk_i (in)
     1    0.07                           clk_i (net)
                  0.33    0.00    0.24 ^ clkbuf_0_clk_i/A (sky130_fd_sc_hd__clkbuf_16)
                  0.28    0.40    0.64 ^ clkbuf_0_clk_i/X (sky130_fd_sc_hd__clkbuf_16)
    16    0.27                           clknet_0_clk_i (net)
                  0.28    0.02    0.65 ^ clkbuf_4_2_0_clk_i/A (sky130_fd_sc_hd__clkbuf_8)
                  0.29    0.40    1.05 ^ clkbuf_4_2_0_clk_i/X (sky130_fd_sc_hd__clkbuf_8)
    13    0.17                           clknet_4_2_0_clk_i (net)
                  0.29    0.01    1.06 ^ clkbuf_leaf_154_clk_i/A (sky130_fd_sc_hd__clkbuf_16)
                  0.06    0.23    1.29 ^ clkbuf_leaf_154_clk_i/X (sky130_fd_sc_hd__clkbuf_16)
    10    0.03                           clknet_leaf_154_clk_i (net)
                  0.06    0.00    1.29 ^ _13883_/CLK (sky130_fd_sc_hd__dfxtp_1)
                          0.25    1.54   clock uncertainty
                         -0.12    1.42   clock reconvergence pessimism
                         -0.03    1.39   library hold time
                                  1.39   data required time
-----------------------------------------------------------------------------
                                  1.39   data required time
                                 -1.59   data arrival time
-----------------------------------------------------------------------------
                                  0.20   slack (MET)


Startpoint: _13874_ (rising edge-triggered flip-flop clocked by clk_i)
Endpoint: _13874_ (rising edge-triggered flip-flop clocked by clk_i)
Path Group: clk_i
Path Type: min

Fanout     Cap    Slew   Delay    Time   Description
-----------------------------------------------------------------------------
                          0.00    0.00   clock clk_i (rise edge)
                          0.00    0.00   clock source latency
                  0.33    0.22    0.22 ^ clk_i (in)
     1    0.07                           clk_i (net)
                  0.33    0.00    0.22 ^ clkbuf_0_clk_i/A (sky130_fd_sc_hd__clkbuf_16)
                  0.28    0.36    0.57 ^ clkbuf_0_clk_i/X (sky130_fd_sc_hd__clkbuf_16)
    16    0.27                           clknet_0_clk_i (net)
                  0.28    0.01    0.59 ^ clkbuf_4_8_0_clk_i/A (sky130_fd_sc_hd__clkbuf_8)
                  0.25    0.33    0.92 ^ clkbuf_4_8_0_clk_i/X (sky130_fd_sc_hd__clkbuf_8)
    11    0.15                           clknet_4_8_0_clk_i (net)
                  0.25    0.01    0.94 ^ clkbuf_leaf_134_clk_i/A (sky130_fd_sc_hd__clkbuf_16)
                  0.06    0.20    1.14 ^ clkbuf_leaf_134_clk_i/X (sky130_fd_sc_hd__clkbuf_16)
    12    0.04                           clknet_leaf_134_clk_i (net)
                  0.06    0.00    1.14 ^ _13874_/CLK (sky130_fd_sc_hd__dfxtp_1)
                  0.07    0.31    1.45 ^ _13874_/Q (sky130_fd_sc_hd__dfxtp_1)
     2    0.01                           ex_stage_i.EX_pc_dest_o[4] (net)
                  0.07    0.00    1.45 ^ _08368_/B2 (sky130_fd_sc_hd__a32o_1)
                  0.05    0.11    1.56 ^ _08368_/X (sky130_fd_sc_hd__a32o_1)
     1    0.00                           _00237_ (net)
                  0.05    0.00    1.56 ^ _13874_/D (sky130_fd_sc_hd__dfxtp_1)
                                  1.56   data arrival time

                          0.00    0.00   clock clk_i (rise edge)
                          0.00    0.00   clock source latency
                  0.33    0.24    0.24 ^ clk_i (in)
     1    0.07                           clk_i (net)
                  0.33    0.00    0.24 ^ clkbuf_0_clk_i/A (sky130_fd_sc_hd__clkbuf_16)
                  0.28    0.40    0.64 ^ clkbuf_0_clk_i/X (sky130_fd_sc_hd__clkbuf_16)
    16    0.27                           clknet_0_clk_i (net)
                  0.28    0.02    0.65 ^ clkbuf_4_8_0_clk_i/A (sky130_fd_sc_hd__clkbuf_8)
                  0.25    0.37    1.02 ^ clkbuf_4_8_0_clk_i/X (sky130_fd_sc_hd__clkbuf_8)
    11    0.15                           clknet_4_8_0_clk_i (net)
                  0.25    0.01    1.03 ^ clkbuf_leaf_134_clk_i/A (sky130_fd_sc_hd__clkbuf_16)
                  0.06    0.22    1.26 ^ clkbuf_leaf_134_clk_i/X (sky130_fd_sc_hd__clkbuf_16)
    12    0.04                           clknet_leaf_134_clk_i (net)
                  0.06    0.00    1.26 ^ _13874_/CLK (sky130_fd_sc_hd__dfxtp_1)
                          0.25    1.51   clock uncertainty
                         -0.12    1.39   clock reconvergence pessimism
                         -0.03    1.36   library hold time
                                  1.36   data required time
-----------------------------------------------------------------------------
                                  1.36   data required time
                                 -1.56   data arrival time
-----------------------------------------------------------------------------
                                  0.21   slack (MET)


Startpoint: _13884_ (rising edge-triggered flip-flop clocked by clk_i)
Endpoint: _13884_ (rising edge-triggered flip-flop clocked by clk_i)
Path Group: clk_i
Path Type: min

Fanout     Cap    Slew   Delay    Time   Description
-----------------------------------------------------------------------------
                          0.00    0.00   clock clk_i (rise edge)
                          0.00    0.00   clock source latency
                  0.33    0.22    0.22 ^ clk_i (in)
     1    0.07                           clk_i (net)
                  0.33    0.00    0.22 ^ clkbuf_0_clk_i/A (sky130_fd_sc_hd__clkbuf_16)
                  0.28    0.36    0.57 ^ clkbuf_0_clk_i/X (sky130_fd_sc_hd__clkbuf_16)
    16    0.27                           clknet_0_clk_i (net)
                  0.28    0.02    0.59 ^ clkbuf_4_2_0_clk_i/A (sky130_fd_sc_hd__clkbuf_8)
                  0.29    0.36    0.95 ^ clkbuf_4_2_0_clk_i/X (sky130_fd_sc_hd__clkbuf_8)
    13    0.17                           clknet_4_2_0_clk_i (net)
                  0.29    0.01    0.96 ^ clkbuf_leaf_156_clk_i/A (sky130_fd_sc_hd__clkbuf_16)
                  0.05    0.19    1.16 ^ clkbuf_leaf_156_clk_i/X (sky130_fd_sc_hd__clkbuf_16)
     7    0.02                           clknet_leaf_156_clk_i (net)
                  0.05    0.00    1.16 ^ _13884_/CLK (sky130_fd_sc_hd__dfxtp_1)
                  0.07    0.31    1.46 ^ _13884_/Q (sky130_fd_sc_hd__dfxtp_1)
     2    0.01                           ex_stage_i.EX_pc_dest_o[14] (net)
                  0.07    0.00    1.46 ^ _08381_/B2 (sky130_fd_sc_hd__a32o_1)
                  0.05    0.12    1.59 ^ _08381_/X (sky130_fd_sc_hd__a32o_1)
     1    0.00                           _00247_ (net)
                  0.05    0.00    1.59 ^ _13884_/D (sky130_fd_sc_hd__dfxtp_1)
                                  1.59   data arrival time

                          0.00    0.00   clock clk_i (rise edge)
                          0.00    0.00   clock source latency
                  0.33    0.24    0.24 ^ clk_i (in)
     1    0.07                           clk_i (net)
                  0.33    0.00    0.24 ^ clkbuf_0_clk_i/A (sky130_fd_sc_hd__clkbuf_16)
                  0.28    0.40    0.64 ^ clkbuf_0_clk_i/X (sky130_fd_sc_hd__clkbuf_16)
    16    0.27                           clknet_0_clk_i (net)
                  0.28    0.02    0.65 ^ clkbuf_4_2_0_clk_i/A (sky130_fd_sc_hd__clkbuf_8)
                  0.29    0.40    1.05 ^ clkbuf_4_2_0_clk_i/X (sky130_fd_sc_hd__clkbuf_8)
    13    0.17                           clknet_4_2_0_clk_i (net)
                  0.29    0.01    1.06 ^ clkbuf_leaf_156_clk_i/A (sky130_fd_sc_hd__clkbuf_16)
                  0.05    0.21    1.28 ^ clkbuf_leaf_156_clk_i/X (sky130_fd_sc_hd__clkbuf_16)
     7    0.02                           clknet_leaf_156_clk_i (net)
                  0.05    0.00    1.28 ^ _13884_/CLK (sky130_fd_sc_hd__dfxtp_1)
                          0.25    1.53   clock uncertainty
                         -0.12    1.41   clock reconvergence pessimism
                         -0.03    1.37   library hold time
                                  1.37   data required time
-----------------------------------------------------------------------------
                                  1.37   data required time
                                 -1.59   data arrival time
-----------------------------------------------------------------------------
                                  0.21   slack (MET)


Startpoint: _13871_ (rising edge-triggered flip-flop clocked by clk_i)
Endpoint: _13871_ (rising edge-triggered flip-flop clocked by clk_i)
Path Group: clk_i
Path Type: min

Fanout     Cap    Slew   Delay    Time   Description
-----------------------------------------------------------------------------
                          0.00    0.00   clock clk_i (rise edge)
                          0.00    0.00   clock source latency
                  0.33    0.22    0.22 ^ clk_i (in)
     1    0.07                           clk_i (net)
                  0.33    0.00    0.22 ^ clkbuf_0_clk_i/A (sky130_fd_sc_hd__clkbuf_16)
                  0.28    0.36    0.57 ^ clkbuf_0_clk_i/X (sky130_fd_sc_hd__clkbuf_16)
    16    0.27                           clknet_0_clk_i (net)
                  0.28    0.01    0.59 ^ clkbuf_4_8_0_clk_i/A (sky130_fd_sc_hd__clkbuf_8)
                  0.25    0.33    0.92 ^ clkbuf_4_8_0_clk_i/X (sky130_fd_sc_hd__clkbuf_8)
    11    0.15                           clknet_4_8_0_clk_i (net)
                  0.25    0.01    0.94 ^ clkbuf_leaf_133_clk_i/A (sky130_fd_sc_hd__clkbuf_16)
                  0.05    0.19    1.12 ^ clkbuf_leaf_133_clk_i/X (sky130_fd_sc_hd__clkbuf_16)
     6    0.02                           clknet_leaf_133_clk_i (net)
                  0.05    0.00    1.12 ^ _13871_/CLK (sky130_fd_sc_hd__dfxtp_1)
                  0.07    0.31    1.43 ^ _13871_/Q (sky130_fd_sc_hd__dfxtp_1)
     2    0.01                           ex_stage_i.EX_pc_dest_o[1] (net)
                  0.07    0.00    1.43 ^ _08364_/A2 (sky130_fd_sc_hd__a22o_1)
                  0.04    0.12    1.56 ^ _08364_/X (sky130_fd_sc_hd__a22o_1)
     1    0.00                           _00234_ (net)
                  0.04    0.00    1.56 ^ _13871_/D (sky130_fd_sc_hd__dfxtp_1)
                                  1.56   data arrival time

                          0.00    0.00   clock clk_i (rise edge)
                          0.00    0.00   clock source latency
                  0.33    0.24    0.24 ^ clk_i (in)
     1    0.07                           clk_i (net)
                  0.33    0.00    0.24 ^ clkbuf_0_clk_i/A (sky130_fd_sc_hd__clkbuf_16)
                  0.28    0.40    0.64 ^ clkbuf_0_clk_i/X (sky130_fd_sc_hd__clkbuf_16)
    16    0.27                           clknet_0_clk_i (net)
                  0.28    0.02    0.65 ^ clkbuf_4_8_0_clk_i/A (sky130_fd_sc_hd__clkbuf_8)
                  0.25    0.37    1.02 ^ clkbuf_4_8_0_clk_i/X (sky130_fd_sc_hd__clkbuf_8)
    11    0.15                           clknet_4_8_0_clk_i (net)
                  0.25    0.01    1.04 ^ clkbuf_leaf_133_clk_i/A (sky130_fd_sc_hd__clkbuf_16)
                  0.05    0.21    1.24 ^ clkbuf_leaf_133_clk_i/X (sky130_fd_sc_hd__clkbuf_16)
     6    0.02                           clknet_leaf_133_clk_i (net)
                  0.05    0.00    1.24 ^ _13871_/CLK (sky130_fd_sc_hd__dfxtp_1)
                          0.25    1.49   clock uncertainty
                         -0.12    1.37   clock reconvergence pessimism
                         -0.03    1.34   library hold time
                                  1.34   data required time
-----------------------------------------------------------------------------
                                  1.34   data required time
                                 -1.56   data arrival time
-----------------------------------------------------------------------------
                                  0.21   slack (MET)


Startpoint: _13892_ (rising edge-triggered flip-flop clocked by clk_i)
Endpoint: _13892_ (rising edge-triggered flip-flop clocked by clk_i)
Path Group: clk_i
Path Type: min

Fanout     Cap    Slew   Delay    Time   Description
-----------------------------------------------------------------------------
                          0.00    0.00   clock clk_i (rise edge)
                          0.00    0.00   clock source latency
                  0.33    0.22    0.22 ^ clk_i (in)
     1    0.07                           clk_i (net)
                  0.33    0.00    0.22 ^ clkbuf_0_clk_i/A (sky130_fd_sc_hd__clkbuf_16)
                  0.28    0.36    0.57 ^ clkbuf_0_clk_i/X (sky130_fd_sc_hd__clkbuf_16)
    16    0.27                           clknet_0_clk_i (net)
                  0.28    0.02    0.59 ^ clkbuf_4_0_0_clk_i/A (sky130_fd_sc_hd__clkbuf_8)
                  0.24    0.33    0.93 ^ clkbuf_4_0_0_clk_i/X (sky130_fd_sc_hd__clkbuf_8)
    11    0.14                           clknet_4_0_0_clk_i (net)
                  0.24    0.01    0.93 ^ clkbuf_leaf_163_clk_i/A (sky130_fd_sc_hd__clkbuf_16)
                  0.05    0.19    1.12 ^ clkbuf_leaf_163_clk_i/X (sky130_fd_sc_hd__clkbuf_16)
     9    0.03                           clknet_leaf_163_clk_i (net)
                  0.05    0.00    1.12 ^ _13892_/CLK (sky130_fd_sc_hd__dfxtp_1)
                  0.07    0.31    1.43 ^ _13892_/Q (sky130_fd_sc_hd__dfxtp_1)
     2    0.01                           ex_stage_i.EX_pc_dest_o[22] (net)
                  0.07    0.00    1.43 ^ _08389_/A2 (sky130_fd_sc_hd__a22o_1)
                  0.04    0.12    1.55 ^ _08389_/X (sky130_fd_sc_hd__a22o_1)
     1    0.00                           _00255_ (net)
                  0.04    0.00    1.55 ^ _13892_/D (sky130_fd_sc_hd__dfxtp_1)
                                  1.55   data arrival time

                          0.00    0.00   clock clk_i (rise edge)
                          0.00    0.00   clock source latency
                  0.33    0.24    0.24 ^ clk_i (in)
     1    0.07                           clk_i (net)
                  0.33    0.00    0.24 ^ clkbuf_0_clk_i/A (sky130_fd_sc_hd__clkbuf_16)
                  0.28    0.40    0.64 ^ clkbuf_0_clk_i/X (sky130_fd_sc_hd__clkbuf_16)
    16    0.27                           clknet_0_clk_i (net)
                  0.28    0.02    0.66 ^ clkbuf_4_0_0_clk_i/A (sky130_fd_sc_hd__clkbuf_8)
                  0.24    0.37    1.02 ^ clkbuf_4_0_0_clk_i/X (sky130_fd_sc_hd__clkbuf_8)
    11    0.14                           clknet_4_0_0_clk_i (net)
                  0.24    0.01    1.03 ^ clkbuf_leaf_163_clk_i/A (sky130_fd_sc_hd__clkbuf_16)
                  0.05    0.21    1.24 ^ clkbuf_leaf_163_clk_i/X (sky130_fd_sc_hd__clkbuf_16)
     9    0.03                           clknet_leaf_163_clk_i (net)
                  0.05    0.00    1.24 ^ _13892_/CLK (sky130_fd_sc_hd__dfxtp_1)
                          0.25    1.49   clock uncertainty
                         -0.12    1.37   clock reconvergence pessimism
                         -0.03    1.34   library hold time
                                  1.34   data required time
-----------------------------------------------------------------------------
                                  1.34   data required time
                                 -1.55   data arrival time
-----------------------------------------------------------------------------
                                  0.21   slack (MET)


