
===========================================================================
report_checks -unconstrained
============================================================================
Startpoint: DMEM_rd_data_i[26] (input port clocked by clk_i)
Endpoint: _15680_ (rising edge-triggered flip-flop clocked by clk_i)
Path Group: clk_i
Path Type: max

Fanout     Cap    Slew   Delay    Time   Description
-----------------------------------------------------------------------------
                          0.00    0.00   clock clk_i (rise edge)
                          0.00    0.00   clock network delay (propagated)
                          2.00    2.00 v input external delay
                  0.01    0.00    2.00 v DMEM_rd_data_i[26] (in)
     1    0.00                           DMEM_rd_data_i[26] (net)
                  0.01    0.00    2.00 v input19/A (sky130_fd_sc_hd__buf_2)
                  0.07    0.16    2.16 v input19/X (sky130_fd_sc_hd__buf_2)
     2    0.03                           net19 (net)
                  0.07    0.00    2.17 v _07592_/A1 (sky130_fd_sc_hd__mux2_1)
                  0.07    0.33    2.49 v _07592_/X (sky130_fd_sc_hd__mux2_1)
     2    0.00                           _01888_ (net)
                  0.07    0.00    2.49 v _07593_/B (sky130_fd_sc_hd__and2_1)
                  0.04    0.17    2.66 v _07593_/X (sky130_fd_sc_hd__and2_1)
     1    0.00                           _01889_ (net)
                  0.04    0.00    2.66 v _07596_/A3 (sky130_fd_sc_hd__o41a_1)
                  0.10    0.43    3.09 v _07596_/X (sky130_fd_sc_hd__o41a_1)
     4    0.01                           _01892_ (net)
                  0.10    0.00    3.09 v _12642_/A1 (sky130_fd_sc_hd__a211o_2)
                  0.08    0.38    3.47 v _12642_/X (sky130_fd_sc_hd__a211o_2)
     2    0.02                           _05885_ (net)
                  0.08    0.00    3.47 v _12757_/A2 (sky130_fd_sc_hd__a311oi_4)
                  0.63    0.62    4.09 ^ _12757_/Y (sky130_fd_sc_hd__a311oi_4)
     9    0.05                           _06000_ (net)
                  0.63    0.00    4.09 ^ _12772_/B (sky130_fd_sc_hd__and4_4)
                  0.16    0.46    4.55 ^ _12772_/X (sky130_fd_sc_hd__and4_4)
     8    0.04                           _06015_ (net)
                  0.16    0.00    4.56 ^ _13022_/A2 (sky130_fd_sc_hd__a31o_1)
                  0.09    0.21    4.76 ^ _13022_/X (sky130_fd_sc_hd__a31o_1)
     2    0.01                           _06259_ (net)
                  0.09    0.00    4.76 ^ _13070_/B1 (sky130_fd_sc_hd__o21a_1)
                  0.06    0.14    4.90 ^ _13070_/X (sky130_fd_sc_hd__o21a_1)
     1    0.00                           _06306_ (net)
                  0.06    0.00    4.90 ^ _13071_/B (sky130_fd_sc_hd__xor2_1)
                  0.26    0.26    5.17 ^ _13071_/X (sky130_fd_sc_hd__xor2_1)
     3    0.01                           _06307_ (net)
                  0.26    0.00    5.17 ^ _13072_/B (sky130_fd_sc_hd__xnor2_1)
                  0.08    0.13    5.30 v _13072_/Y (sky130_fd_sc_hd__xnor2_1)
     2    0.01                           _06308_ (net)
                  0.08    0.00    5.30 v _13114_/B (sky130_fd_sc_hd__or2_1)
                  0.07    0.26    5.56 v _13114_/X (sky130_fd_sc_hd__or2_1)
     1    0.01                           _06349_ (net)
                  0.07    0.00    5.56 v _13115_/B1 (sky130_fd_sc_hd__a311oi_4)
                  0.29    0.35    5.91 ^ _13115_/Y (sky130_fd_sc_hd__a311oi_4)
     2    0.01                           _06350_ (net)
                  0.29    0.00    5.91 ^ _13219_/A1 (sky130_fd_sc_hd__o2111ai_4)
                  0.12    0.18    6.08 v _13219_/Y (sky130_fd_sc_hd__o2111ai_4)
     2    0.01                           _06450_ (net)
                  0.12    0.00    6.08 v _13353_/A2 (sky130_fd_sc_hd__a211o_1)
                  0.11    0.40    6.49 v _13353_/X (sky130_fd_sc_hd__a211o_1)
     4    0.02                           _06580_ (net)
                  0.11    0.00    6.49 v _13582_/A2 (sky130_fd_sc_hd__a21o_1)
                  0.05    0.23    6.71 v _13582_/X (sky130_fd_sc_hd__a21o_1)
     2    0.01                           _06801_ (net)
                  0.05    0.00    6.72 v _13650_/A1 (sky130_fd_sc_hd__a211o_1)
                  0.09    0.32    7.03 v _13650_/X (sky130_fd_sc_hd__a211o_1)
     4    0.01                           _06867_ (net)
                  0.09    0.00    7.03 v _13717_/A1 (sky130_fd_sc_hd__a311o_1)
                  0.11    0.35    7.39 v _13717_/X (sky130_fd_sc_hd__a311o_1)
     5    0.01                           _06932_ (net)
                  0.11    0.00    7.39 v _13775_/A2 (sky130_fd_sc_hd__a311oi_2)
                  0.27    0.33    7.71 ^ _13775_/Y (sky130_fd_sc_hd__a311oi_2)
     3    0.01                           _06988_ (net)
                  0.27    0.00    7.71 ^ _13778_/A (sky130_fd_sc_hd__nor2_1)
                  0.06    0.09    7.80 v _13778_/Y (sky130_fd_sc_hd__nor2_1)
     1    0.00                           _06991_ (net)
                  0.06    0.00    7.80 v _13791_/A1 (sky130_fd_sc_hd__o31a_1)
                  0.04    0.30    8.10 v _13791_/X (sky130_fd_sc_hd__o31a_1)
     1    0.00                           _01089_ (net)
                  0.04    0.00    8.10 v _15680_/D (sky130_fd_sc_hd__dfxtp_2)
                                  8.10   data arrival time

                         10.00   10.00   clock clk_i (rise edge)
                          0.00   10.00   clock source latency
                  0.17    0.11   10.11 ^ clk_i (in)
     1    0.04                           clk_i (net)
                  0.17    0.00   10.11 ^ clkbuf_0_clk_i/A (sky130_fd_sc_hd__clkbuf_16)
                  0.17    0.25   10.37 ^ clkbuf_0_clk_i/X (sky130_fd_sc_hd__clkbuf_16)
    16    0.16                           clknet_0_clk_i (net)
                  0.18    0.00   10.37 ^ clkbuf_4_15_0_clk_i/A (sky130_fd_sc_hd__clkbuf_8)
                  0.13    0.22   10.60 ^ clkbuf_4_15_0_clk_i/X (sky130_fd_sc_hd__clkbuf_8)
     7    0.07                           clknet_4_15_0_clk_i (net)
                  0.13    0.00   10.60 ^ _15680_/CLK (sky130_fd_sc_hd__dfxtp_2)
                         -0.25   10.35   clock uncertainty
                          0.00   10.35   clock reconvergence pessimism
                         -0.09   10.25   library setup time
                                 10.25   data required time
-----------------------------------------------------------------------------
                                 10.25   data required time
                                 -8.10   data arrival time
-----------------------------------------------------------------------------
                                  2.15   slack (MET)



===========================================================================
report_checks --slack_max -0.01
============================================================================
No paths found.
