
===========================================================================
report_checks -unconstrained
============================================================================
Startpoint: DMEM_rd_data_i[26] (input port clocked by clk_i)
Endpoint: _15427_ (rising edge-triggered flip-flop clocked by clk_i)
Path Group: clk_i
Path Type: max

Fanout     Cap    Slew   Delay    Time   Description
-----------------------------------------------------------------------------
                          0.00    0.00   clock clk_i (rise edge)
                          0.00    0.00   clock network delay (propagated)
                          2.00    2.00 v input external delay
                  0.01    0.01    2.01 v DMEM_rd_data_i[26] (in)
     1    0.01                           DMEM_rd_data_i[26] (net)
                  0.01    0.00    2.01 v input19/A (sky130_fd_sc_hd__clkbuf_2)
                  0.10    0.16    2.16 v input19/X (sky130_fd_sc_hd__clkbuf_2)
     2    0.02                           net19 (net)
                  0.10    0.00    2.17 v _07458_/A1 (sky130_fd_sc_hd__mux2_1)
                  0.07    0.34    2.51 v _07458_/X (sky130_fd_sc_hd__mux2_1)
     2    0.01                           _01824_ (net)
                  0.07    0.00    2.51 v _07459_/B (sky130_fd_sc_hd__and2_1)
                  0.04    0.18    2.69 v _07459_/X (sky130_fd_sc_hd__and2_1)
     1    0.00                           _01825_ (net)
                  0.04    0.00    2.69 v _07462_/A3 (sky130_fd_sc_hd__o41a_4)
                  0.16    0.58    3.26 v _07462_/X (sky130_fd_sc_hd__o41a_4)
    12    0.08                           _01828_ (net)
                  0.16    0.00    3.27 v _12395_/A1 (sky130_fd_sc_hd__a211o_1)
                  0.09    0.36    3.63 v _12395_/X (sky130_fd_sc_hd__a211o_1)
     2    0.01                           _05708_ (net)
                  0.09    0.00    3.63 v _12509_/A2 (sky130_fd_sc_hd__a311oi_4)
                  0.67    0.65    4.29 ^ _12509_/Y (sky130_fd_sc_hd__a311oi_4)
     9    0.05                           _05822_ (net)
                  0.67    0.00    4.29 ^ _12524_/B (sky130_fd_sc_hd__and4_4)
                  0.15    0.46    4.75 ^ _12524_/X (sky130_fd_sc_hd__and4_4)
     8    0.04                           _05837_ (net)
                  0.15    0.00    4.75 ^ _12770_/A2 (sky130_fd_sc_hd__a31o_1)
                  0.09    0.21    4.96 ^ _12770_/X (sky130_fd_sc_hd__a31o_1)
     2    0.01                           _06077_ (net)
                  0.09    0.00    4.96 ^ _12818_/B1 (sky130_fd_sc_hd__o21a_1)
                  0.06    0.15    5.11 ^ _12818_/X (sky130_fd_sc_hd__o21a_1)
     1    0.01                           _06124_ (net)
                  0.06    0.00    5.11 ^ _12819_/B (sky130_fd_sc_hd__xor2_1)
                  0.25    0.26    5.37 ^ _12819_/X (sky130_fd_sc_hd__xor2_1)
     3    0.01                           _06125_ (net)
                  0.25    0.00    5.37 ^ _12820_/B (sky130_fd_sc_hd__xnor2_1)
                  0.09    0.14    5.51 v _12820_/Y (sky130_fd_sc_hd__xnor2_1)
     2    0.01                           _06126_ (net)
                  0.09    0.00    5.51 v _12862_/B (sky130_fd_sc_hd__or2_1)
                  0.07    0.26    5.78 v _12862_/X (sky130_fd_sc_hd__or2_1)
     1    0.01                           _06167_ (net)
                  0.07    0.00    5.78 v _12863_/B1 (sky130_fd_sc_hd__a311oi_4)
                  0.26    0.32    6.10 ^ _12863_/Y (sky130_fd_sc_hd__a311oi_4)
     2    0.01                           _06168_ (net)
                  0.26    0.00    6.10 ^ _12967_/A1 (sky130_fd_sc_hd__o2111ai_2)
                  0.13    0.19    6.29 v _12967_/Y (sky130_fd_sc_hd__o2111ai_2)
     2    0.01                           _06268_ (net)
                  0.13    0.00    6.29 v _13102_/A2 (sky130_fd_sc_hd__a211o_1)
                  0.11    0.41    6.70 v _13102_/X (sky130_fd_sc_hd__a211o_1)
     4    0.02                           _06399_ (net)
                  0.11    0.00    6.70 v _13329_/A2 (sky130_fd_sc_hd__a21o_1)
                  0.06    0.24    6.94 v _13329_/X (sky130_fd_sc_hd__a21o_1)
     2    0.01                           _06618_ (net)
                  0.06    0.00    6.94 v _13397_/A1 (sky130_fd_sc_hd__a211o_1)
                  0.11    0.35    7.29 v _13397_/X (sky130_fd_sc_hd__a211o_1)
     4    0.02                           _06684_ (net)
                  0.11    0.00    7.29 v _13464_/A1 (sky130_fd_sc_hd__a311o_2)
                  0.09    0.41    7.70 v _13464_/X (sky130_fd_sc_hd__a311o_2)
     5    0.02                           _06749_ (net)
                  0.09    0.00    7.70 v _13522_/A2 (sky130_fd_sc_hd__a311oi_2)
                  0.29    0.35    8.04 ^ _13522_/Y (sky130_fd_sc_hd__a311oi_2)
     3    0.01                           _06805_ (net)
                  0.29    0.00    8.04 ^ _13548_/A2 (sky130_fd_sc_hd__o21ai_1)
                  0.06    0.09    8.14 v _13548_/Y (sky130_fd_sc_hd__o21ai_1)
     1    0.00                           _06830_ (net)
                  0.06    0.00    8.14 v _13550_/B (sky130_fd_sc_hd__and3_1)
                  0.04    0.17    8.31 v _13550_/X (sky130_fd_sc_hd__and3_1)
     1    0.00                           _06832_ (net)
                  0.04    0.00    8.31 v _13562_/A1 (sky130_fd_sc_hd__o21a_1)
                  0.03    0.18    8.49 v _13562_/X (sky130_fd_sc_hd__o21a_1)
     1    0.00                           _01090_ (net)
                  0.03    0.00    8.49 v _15427_/D (sky130_fd_sc_hd__dfxtp_4)
                                  8.49   data arrival time

                         10.00   10.00   clock clk_i (rise edge)
                          0.00   10.00   clock source latency
                  0.17    0.11   10.11 ^ clk_i (in)
     1    0.04                           clk_i (net)
                  0.17    0.00   10.11 ^ clkbuf_0_clk_i/A (sky130_fd_sc_hd__clkbuf_16)
                  0.18    0.25   10.36 ^ clkbuf_0_clk_i/X (sky130_fd_sc_hd__clkbuf_16)
    16    0.17                           clknet_0_clk_i (net)
                  0.18    0.01   10.38 ^ clkbuf_4_11_0_clk_i/A (sky130_fd_sc_hd__clkbuf_8)
                  0.15    0.24   10.62 ^ clkbuf_4_11_0_clk_i/X (sky130_fd_sc_hd__clkbuf_8)
     8    0.08                           clknet_4_11_0_clk_i (net)
                  0.15    0.00   10.62 ^ clkbuf_leaf_115_clk_i/A (sky130_fd_sc_hd__clkbuf_16)
                  0.04    0.15   10.77 ^ clkbuf_leaf_115_clk_i/X (sky130_fd_sc_hd__clkbuf_16)
     6    0.02                           clknet_leaf_115_clk_i (net)
                  0.04    0.00   10.77 ^ _15427_/CLK (sky130_fd_sc_hd__dfxtp_4)
                         -0.25   10.52   clock uncertainty
                          0.00   10.52   clock reconvergence pessimism
                         -0.11   10.42   library setup time
                                 10.42   data required time
-----------------------------------------------------------------------------
                                 10.42   data required time
                                 -8.49   data arrival time
-----------------------------------------------------------------------------
                                  1.93   slack (MET)



===========================================================================
report_checks --slack_max -0.01
============================================================================
No paths found.
